s32 discreet(){}
s32 note(){}
s32 mundane(){}
s32 cushion(){}
s32 macho(){}
s32 airport(){}
s32 race(){}
s32 energetic(){}
s32 chivalrous(){}
s32 wry(){}
s32 guide(){}
s32 wall(){}
s32 panoramic(){}
s32 caring(){}
s32 discovery(){}
s32 lumpy(){}
s32 strange(){}
s32 acoustic(){}
s32 pig(){}
s32 certain(){}
s32 flower(){}
s32 own(){}
s32 best(){}
s32 stage(){}
s32 terrify(){}
s32 bomb(){}
s32 men(){}
s32 great(){}
s32 uttermost(){}
s32 rely(){}
s32 impartial(){}
s32 year(){}
s32 cable(){}
s32 whirl(){}
s32 regret(){}
s32 ball(){}
s32 kneel(){}
s32 nail(){}
s32 redundant(){}
s32 scribble(){}
s32 hall(){}
s32 analyze(){}
s32 swing(){}
s32 mate(){}
s32 barbarous(){}
s32 cuddly(){}
s32 kittens(){}
s32 injure(){}
s32 deafening(){}
s32 confused(){}
s32 development(){}
s32 drown(){}
s32 gray(){}
s32 piquant(){}
s32 flavor(){}
s32 release(){}
s32 rock(){}
s32 nasty(){}
s32 rose(){}
s32 far(){}
s32 collect(){}
s32 line(){}
s32 strip(){}
s32 cut(){}
s32 creator(){}
s32 ashamed(){}
s32 peace(){}
s32 maniacal(){}
s32 drawer(){}
s32 society(){}
s32 dependent(){}
s32 left(){}
s32 continue(){}
s32 oceanic(){}
s32 unequaled(){}
s32 value(){}
s32 electric(){}
s32 animal(){}
s32 serious(){}
s32 sable(){}
s32 unlock(){}
s32 meddle(){}
s32 flaky(){}
s32 ignorant(){}
s32 warm(){}
s32 dirty(){}
s32 humdrum(){}
s32 youthful(){}
s32 achiever(){}
s32 strengthen(){}
s32 soda(){}
s32 abnormal(){}
s32 clap(){}
s32 reading(){}
s32 limit(){}
s32 slip(){}
s32 flat(){}
s32 playground(){}
s32 grease(){}
s32 behave(){}
s32 trust(){}
s32 ants(){}
s32 whistle(){}
s32 deliver(){}
s32 addition(){}
s32 hapless(){}
s32 change(){}
s32 elbow(){}
s32 meal(){}
s32 growth(){}
s32 fairies(){}
s32 army(){}
s32 chicken(){}
s32 challenge(){}
s32 screw(){}
s32 crow(){}
s32 demonic(){}
s32 spare(){}
s32 street(){}
s32 eager(){}
s32 hungry(){}
s32 show(){}
s32 rod(){}
s32 furniture(){}
s32 scarf(){}
s32 halting(){}
s32 clear(){}
s32 account(){}
s32 detail(){}
s32 prick(){}
s32 heap(){}
s32 effect(){}
s32 call(){}
s32 creepy(){}
s32 loss(){}
s32 questionable(){}
s32 staking(){}
s32 experience(){}
s32 side(){}
s32 innocent(){}
s32 man(){}
s32 advise(){}
s32 circle(){}
s32 foolish(){}
s32 identify(){}
s32 uncovered(){}
s32 false(){}
s32 crown(){}
s32 carriage(){}
s32 clean(){}
s32 plate(){}
s32 slow(){}
s32 arch(){}
s32 filthy(){}
s32 incredible(){}
s32 blueeyed(){}
s32 kick(){}
s32 suit(){}
s32 twig(){}
s32 stay(){}
s32 horrible(){}
s32 dad(){}
s32 precious(){}
s32 expand(){}
s32 pedal(){}
s32 statuesque(){}
s32 tired(){}
s32 decisive(){}
s32 high(){}
s32 safe(){}
s32 physical(){}
s32 calendar(){}
s32 flowery(){}
s32 snakes(){}
s32 kettle(){}
s32 snake(){}
s32 repair(){}
s32 bright(){}
s32 suspend(){}
s32 coat(){}
s32 shade(){}
s32 snow(){}
s32 murder(){}
s32 vase(){}
s32 guard(){}
s32 look(){}
s32 agree(){}
s32 unknown(){}
s32 organic(){}
s32 sink(){}
s32 attempt(){}
s32 squalid(){}
s32 yawn(){}
s32 groan(){}
s32 bathe(){}
s32 press(){}
s32 separate(){}
s32 deserted(){}
s32 fearless(){}
s32 striped(){}
s32 coherent(){}
s32 distribution(){}
s32 wine(){}
s32 elfin(){}
s32 bored(){}
s32 dapper(){}
s32 quixotic(){}
s32 feigned(){}
s32 victorious(){}
s32 place(){}
s32 base(){}
s32 dark(){}
s32 fog(){}
s32 possessive(){}
s32 racial(){}
s32 shy(){}
s32 angry(){}
s32 tree(){}
s32 drip(){}
s32 comparison(){}
s32 vengeful(){}
s32 muddled(){}
s32 ear(){}
s32 frightened(){}
s32 bite(){}
s32 roll(){}
s32 happen(){}
s32 lake(){}
s32 pin(){}
s32 magenta(){}
s32 temporary(){}
s32 representative(){}
s32 troubled(){}
s32 uninterested(){}
s32 eye(){}
s32 abject(){}
s32 punishment(){}
s32 worm(){}
s32 drab(){}
s32 nest(){}
s32 admit(){}
s32 wail(){}
s32 intend(){}
s32 car(){}
s32 voracious(){}
s32 wholesale(){}
s32 absorbed(){}
s32 magical(){}
s32 tempt(){}
s32 rifle(){}
s32 quiet(){}
s32 alluring(){}
s32 jail(){}
s32 deeply(){}
s32 full(){}
s32 flimsy(){}
s32 relieved(){}
s32 tap(){}
s32 admire(){}
s32 motion(){}
s32 pathetic(){}
s32 time(){}
s32 argument(){}
s32 uppity(){}
s32 handsomely(){}
s32 expensive(){}
s32 try(){}
s32 powder(){}
s32 haircut(){}
s32 five(){}
s32 whispering(){}
s32 enter(){}
s32 draconian(){}
s32 smelly(){}
s32 basket(){}
s32 interest(){}
s32 three(){}
s32 fear(){}
s32 wet(){}
s32 testy(){}
s32 scandalous(){}
s32 impossible(){}
s32 polish(){}
s32 naive(){}
s32 advice(){}
s32 wiry(){}
s32 lavish(){}
s32 camp(){}
s32 absent(){}
s32 spray(){}
s32 pigs(){}
s32 store(){}
s32 pie(){}
s32 upset(){}
s32 stream(){}
s32 feeling(){}
s32 same(){}
s32 pink(){}
s32 zany(){}
s32 chemical(){}
s32 wink(){}
s32 children(){}
s32 post(){}
s32 reply(){}
s32 giddy(){}
s32 delicate(){}
s32 flippant(){}
s32 insect(){}
s32 chin(){}
s32 visit(){}
s32 accept(){}
s32 guiltless(){}
s32 profit(){}
s32 impress(){}
s32 tasty(){}
s32 painful(){}
s32 sordid(){}
s32 remove(){}
s32 desert(){}
s32 compete(){}
s32 tomatoes(){}
s32 willing(){}
s32 butter(){}
s32 icicle(){}
s32 property(){}
s32 comb(){}
s32 chase(){}
s32 kindhearted(){}
s32 unable(){}
s32 alcoholic(){}
s32 brave(){}
s32 writing(){}
s32 fierce(){}
s32 worry(){}
s32 shelter(){}
s32 thankful(){}
s32 substantial(){}
s32 meeting(){}
s32 brush(){}
s32 dinner(){}
s32 homely(){}
s32 obsequious(){}
s32 fluffy(){}
s32 wish(){}
s32 courageous(){}
s32 thought(){}
s32 box(){}
s32 jumbled(){}
s32 crush(){}
s32 lively(){}
s32 berserk(){}
s32 stick(){}
s32 ruthless(){}
s32 lucky(){}
s32 spiritual(){}
s32 rat(){}
s32 daughter(){}
s32 attraction(){}
s32 government(){}
s32 destruction(){}
s32 potato(){}
s32 tub(){}
s32 monkey(){}
s32 badge(){}
s32 subtract(){}
s32 inconclusive(){}
s32 spectacular(){}
s32 outstanding(){}
s32 muscle(){}
s32 shrill(){}
s32 practice(){}
s32 sky(){}
s32 lowly(){}
s32 sack(){}
s32 colour(){}
s32 brawny(){}
s32 dead(){}
s32 babies(){}
s32 wellmade(){}
s32 number(){}
s32 lush(){}
s32 muddle(){}
s32 boy(){}
s32 bead(){}
s32 hurried(){}
s32 lick(){}
s32 amused(){}
s32 disturbed(){}
s32 language(){}
s32 jobless(){}
s32 present(){}
s32 open(){}
s32 breakable(){}
s32 thaw(){}
s32 toothpaste(){}
s32 spade(){}
s32 grade(){}
s32 legs(){}
s32 crate(){}
s32 six(){}
s32 shiny(){}
s32 camera(){}
s32 plane(){}
s32 unaccountable(){}
s32 debt(){}
s32 fabulous(){}
s32 fly(){}
s32 absorbing(){}
s32 wash(){}
s32 swim(){}
s32 tank(){}
s32 exist(){}
s32 respect(){}
s32 stitch(){}
s32 beginner(){}
s32 wheel(){}
s32 throat(){}
s32 war(){}
s32 aunt(){}
s32 mute(){}
s32 creature(){}
s32 pollution(){}
s32 earthy(){}
s32 thing(){}
s32 lazy(){}
s32 ragged(){}
s32 blue(){}
s32 delicious(){}
s32 breathe(){}
s32 tax(){}
s32 bag(){}
s32 road(){}
s32 work(){}
s32 guess(){}
s32 ripe(){}
s32 decision(){}
s32 slap(){}
s32 kind(){}
s32 average(){}
s32 match(){}
s32 door(){}
s32 ski(){}
s32 half(){}
s32 advertisement(){}
s32 lighten(){}
s32 zonked(){}
s32 private(){}
s32 downtown(){}
s32 steady(){}
s32 cluttered(){}
s32 gentle(){}
s32 annoy(){}
s32 brown(){}
s32 relation(){}
s32 undress(){}
s32 suggest(){}
s32 skin(){}
s32 few(){}
s32 calm(){}
s32 four(){}
s32 large(){}
s32 excuse(){}
s32 remarkable(){}
s32 tiny(){}
s32 yielding(){}
s32 wicked(){}
s32 ray(){}
s32 grass(){}
s32 cars(){}
s32 plantation(){}
s32 stew(){}
s32 stormy(){}
s32 winter(){}
s32 windy(){}
s32 scrape(){}
s32 macabre(){}
s32 calculator(){}
s32 reign(){}
s32 disapprove(){}
s32 list(){}
s32 phone(){}
s32 broken(){}
s32 run(){}
s32 glossy(){}
s32 spoil(){}
s32 curly(){}
s32 educate(){}
s32 amuck(){}
s32 ready(){}
s32 reproduce(){}
s32 puncture(){}
s32 tow(){}
s32 rude(){}
s32 metal(){}
s32 protective(){}
s32 fry(){}
s32 quartz(){}
s32 straight(){}
s32 general(){}
s32 story(){}
s32 activity(){}
s32 aloof(){}
s32 example(){}
s32 approval(){}
s32 bump(){}
s32 yarn(){}
s32 church(){}
s32 knot(){}
s32 view(){}
s32 idea(){}
s32 alert(){}
s32 trucks(){}
s32 jaded(){}
s32 invention(){}
s32 delirious(){}
s32 boast(){}
s32 oafish(){}
s32 please(){}
s32 exercise(){}
s32 old(){}
s32 zinc(){}
s32 suggestion(){}
s32 tent(){}
s32 retire(){}
s32 various(){}
s32 depend(){}
s32 futuristic(){}
s32 avoid(){}
s32 receptive(){}
s32 dysfunctional(){}
s32 fish(){}
s32 savory(){}
s32 plants(){}
s32 cactus(){}
s32 field(){}
s32 group(){}
s32 grip(){}
s32 zip(){}
s32 cent(){}
s32 live(){}
s32 prefer(){}
s32 sleep(){}
s32 attack(){}
s32 chew(){}
s32 wealthy(){}
s32 icky(){}
s32 proud(){}
s32 nifty(){}
s32 smiling(){}
s32 subdued(){}
s32 command(){}
s32 miniature(){}
s32 division(){}
s32 calculating(){}
s32 seed(){}
s32 lovely(){}
s32 disgusted(){}
s32 stingy(){}
s32 invite(){}
s32 suspect(){}
s32 hunt(){}
s32 page(){}
s32 tiresome(){}
s32 glass(){}
s32 lettuce(){}
s32 broad(){}
s32 peep(){}
s32 poison(){}
s32 wrap(){}
s32 squeamish(){}
s32 stiff(){}
s32 nonstop(){}
s32 misty(){}
s32 silent(){}
s32 hose(){}
s32 farflung(){}
s32 crack(){}
s32 underwear(){}
s32 smart(){}
s32 shoes(){}
s32 fragile(){}
s32 splendid(){}
s32 wonderful(){}
s32 longterm(){}
s32 pocket(){}
s32 holiday(){}
s32 pat(){}
s32 cumbersome(){}
s32 bone(){}
s32 complex(){}
s32 flock(){}
s32 depressed(){}
s32 bath(){}
s32 rhetorical(){}
s32 loving(){}
s32 point(){}
s32 help(){}
s32 satisfy(){}
s32 beneficial(){}
s32 pets(){}
s32 smooth(){}
s32 aromatic(){}
s32 wise(){}
s32 sense(){}
s32 womanly(){}
s32 permit(){}
s32 inexpensive(){}
s32 perform(){}
s32 rest(){}
s32 military(){}
s32 empty(){}
s32 animated(){}
s32 lopsided(){}
s32 flawless(){}
s32 fill(){}
s32 gather(){}
s32 planes(){}
s32 annoyed(){}
s32 flashy(){}
s32 push(){}
s32 head(){}
s32 bucket(){}
s32 hole(){}
s32 short(){}
s32 premium(){}
s32 stranger(){}
s32 weak(){}
s32 intelligent(){}
s32 soup(){}
s32 sin(){}
s32 size(){}
s32 evasive(){}
s32 house(){}
s32 bewildered(){}
s32 actually(){}
s32 highpitched(){}
s32 superb(){}
s32 punch(){}
s32 obscene(){}
s32 wild(){}
s32 move(){}
s32 brash(){}
s32 hushed(){}
s32 pickle(){}
s32 lying(){}
s32 cook(){}
s32 male(){}
s32 neck(){}
s32 dime(){}
s32 divergent(){}
s32 illegal(){}
s32 claim(){}
s32 squirrel(){}
s32 ruddy(){}
s32 black(){}
s32 marble(){}
s32 chief(){}
s32 farm(){}
s32 sigh(){}
s32 illustrious(){}
s32 xray(){}
s32 quill(){}
s32 drop(){}
s32 overconfident(){}
s32 walk(){}
s32 waste(){}
s32 curtain(){}
s32 fang(){}
s32 foregoing(){}
s32 thoughtful(){}
s32 craven(){}
s32 burly(){}
s32 succinct(){}
s32 erratic(){}
s32 grateful(){}
s32 provide(){}
s32 offend(){}
s32 pleasant(){}
s32 bare(){}
s32 shaggy(){}
s32 permissible(){}
s32 exuberant(){}
s32 roof(){}
s32 acidic(){}
s32 vanish(){}
s32 edge(){}
s32 shiver(){}
s32 found(){}
s32 defeated(){}
s32 welcome(){}
s32 pass(){}
s32 gruesome(){}
s32 zippy(){}
s32 tame(){}
s32 sleepy(){}
s32 umbrella(){}
s32 round(){}
s32 jumpy(){}
s32 dirt(){}
s32 wind(){}
s32 sophisticated(){}
s32 alive(){}
s32 perfect(){}
s32 vigorous(){}
s32 busy(){}
s32 tour(){}
s32 arm(){}
s32 shaky(){}
s32 regular(){}
s32 dam(){}
s32 include(){}
s32 naughty(){}
s32 milk(){}
s32 ratty(){}
s32 imaginary(){}
s32 needless(){}
s32 spotty(){}
s32 greasy(){}
s32 lumber(){}
s32 plant(){}
s32 carpenter(){}
s32 pencil(){}
s32 wanting(){}
s32 public(){}
s32 bit(){}
s32 detect(){}
s32 warn(){}
s32 psychedelic(){}
s32 memorize(){}
s32 queue(){}
s32 greet(){}
s32 scary(){}
s32 interrupt(){}
s32 machine(){}
s32 soak(){}
s32 sniff(){}
s32 paltry(){}
s32 subsequent(){}
s32 impolite(){}
s32 frogs(){}
s32 wreck(){}
s32 juvenile(){}
s32 belligerent(){}
s32 need(){}
s32 hair(){}
s32 aberrant(){}
s32 cultured(){}
s32 maddening(){}
s32 selfish(){}
s32 linen(){}
s32 red(){}
s32 shop(){}
s32 probable(){}
s32 fresh(){}
s32 route(){}
s32 snails(){}
s32 imperfect(){}
s32 health(){}
s32 stop(){}
s32 color(){}
s32 damaged(){}
s32 pour(){}
s32 boiling(){}
s32 popcorn(){}
s32 untidy(){}
s32 report(){}
s32 coast(){}
s32 stone(){}
s32 parched(){}
s32 spotted(){}
s32 ajar(){}
s32 neat(){}
s32 adaptable(){}
s32 glistening(){}
s32 sweltering(){}
s32 front(){}
s32 gusty(){}
s32 remind(){}
s32 functional(){}
s32 sharp(){}
s32 fit(){}
s32 ugliest(){}
s32 celery(){}
s32 spot(){}
s32 building(){}
s32 numberless(){}
s32 suck(){}
s32 harm(){}
s32 spiteful(){}
s32 cat(){}
s32 rainstorm(){}
s32 quick(){}
s32 bruise(){}
s32 fixed(){}
s32 upbeat(){}
s32 flagrant(){}
s32 bent(){}
s32 cagey(){}
s32 like(){}
s32 funny(){}
s32 wing(){}
s32 labored(){}
s32 zoo(){}
s32 fail(){}
s32 fallacious(){}
s32 pail(){}
s32 employ(){}
s32 van(){}
s32 deer(){}
s32 top(){}
s32 literate(){}
s32 harmony(){}
s32 control(){}
s32 fade(){}
s32 yummy(){}
s32 agonizing(){}
s32 visitor(){}
s32 selection(){}
s32 supply(){}
s32 warlike(){}
s32 colossal(){}
s32 guttural(){}
s32 tray(){}
s32 afterthought(){}
s32 wriggle(){}
s32 rush(){}
s32 air(){}
s32 hover(){}
s32 belong(){}
s32 colorful(){}
s32 boorish(){}
s32 remain(){}
s32 tasteless(){}
s32 lace(){}
s32 waves(){}
s32 instinctive(){}
s32 zoom(){}
s32 jeans(){}
s32 many(){}
s32 range(){}
s32 rare(){}
s32 cooing(){}
s32 jellyfish(){}
s32 puzzling(){}
s32 nervous(){}
s32 science(){}
s32 complete(){}
s32 dry(){}
s32 envious(){}
s32 defiant(){}
s32 unequal(){}
s32 apologise(){}
s32 efficient(){}
s32 glove(){}
s32 summer(){}
s32 clip(){}
s32 amuse(){}
s32 infamous(){}
s32 brainy(){}
s32 acid(){}
s32 charming(){}
s32 day(){}
s32 rail(){}
s32 unarmed(){}
s32 trace(){}
s32 silver(){}
s32 bleach(){}
s32 inject(){}
s32 mature(){}
s32 hilarious(){}
s32 fold(){}
s32 twist(){}
s32 fix(){}
s32 porter(){}
s32 unbecoming(){}
s32 tan(){}
s32 entertain(){}
s32 hideous(){}
s32 cows(){}
s32 debonair(){}
s32 grouchy(){}
s32 trains(){}
s32 acceptable(){}
s32 obtain(){}
s32 crazy(){}
s32 laughable(){}
s32 sneaky(){}
s32 test(){}
s32 recognise(){}
s32 skip(){}
s32 encourage(){}
s32 pale(){}
s32 consist(){}
s32 drunk(){}
s32 loutish(){}
s32 attach(){}
s32 previous(){}
s32 unite(){}
s32 breezy(){}
s32 next(){}
s32 can(){}
s32 spell(){}
s32 wren(){}
s32 concerned(){}
s32 adorable(){}
s32 hysterical(){}
s32 bawdy(){}
s32 table(){}
s32 beautiful(){}
s32 drink(){}
s32 rob(){}
s32 eyes(){}
s32 writer(){}
s32 eatable(){}
s32 stimulating(){}
s32 first(){}
s32 explain(){}
s32 watery(){}
s32 abstracted(){}
s32 team(){}
s32 stem(){}
s32 snatch(){}
s32 absurd(){}
s32 cabbage(){}
s32 pleasure(){}
s32 crib(){}
s32 reflective(){}
s32 wrong(){}
s32 crook(){}
s32 shoe(){}
s32 risk(){}
s32 small(){}
s32 interfere(){}
s32 carry(){}
s32 grin(){}
s32 room(){}
s32 travel(){}
s32 territory(){}
s32 purpose(){}
s32 daily(){}
s32 careful(){}
s32 ignore(){}
s32 gold(){}
s32 grumpy(){}
s32 lethal(){}
s32 inquisitive(){}
s32 load(){}
s32 cheese(){}
s32 opposite(){}
s32 symptomatic(){}
s32 matter(){}
s32 unpack(){}
s32 damage(){}
s32 carve(){}
s32 rabbit(){}
s32 purple(){}
s32 abrupt(){}
s32 overjoyed(){}
s32 automatic(){}
s32 suffer(){}
s32 happy(){}
s32 cherry(){}
s32 dizzy(){}
s32 cup(){}
s32 voyage(){}
s32 tearful(){}
s32 waggish(){}
s32 abrasive(){}
s32 meek(){}
s32 knee(){}
s32 domineering(){}
s32 program(){}
s32 kiss(){}
s32 equal(){}
s32 applaud(){}
s32 snobbish(){}
s32 appear(){}
s32 apparel(){}
s32 realize(){}
s32 fantastic(){}
s32 poke(){}
s32 root(){}
s32 strap(){}
s32 rapid(){}
s32 terrible(){}
s32 curl(){}
s32 hobbies(){}
s32 drain(){}
s32 stretch(){}
s32 bait(){}
s32 cooperative(){}
s32 illinformed(){}
s32 exchange(){}
s32 letters(){}
s32 education(){}
s32 design(){}
s32 fruit(){}
s32 form(){}
s32 song(){}
s32 messy(){}
s32 faded(){}
s32 vacuous(){}
s32 gifted(){}
s32 condemned(){}
s32 grubby(){}
s32 flag(){}
s32 pies(){}
s32 spring(){}
s32 outrageous(){}
s32 unique(){}
s32 mother(){}
s32 super(){}
s32 mist(){}
s32 chalk(){}
s32 loud(){}
s32 shut(){}
s32 unwieldy(){}
s32 stir(){}
s32 unruly(){}
s32 guarantee(){}
s32 spicy(){}
s32 office(){}
s32 didactic(){}
s32 sleet(){}
s32 handsome(){}
s32 puny(){}
s32 cattle(){}
s32 bustling(){}
s32 afford(){}
s32 receipt(){}
s32 melodic(){}
s32 chubby(){}
s32 peel(){}
s32 long(){}
s32 count(){}
s32 sick(){}
s32 mighty(){}
s32 voice(){}
s32 dull(){}
s32 kill(){}
s32 grandfather(){}
s32 common(){}
s32 vessel(){}
s32 furtive(){}
s32 save(){}
s32 cycle(){}
s32 sun(){}
s32 disappear(){}
s32 harmonious(){}
s32 dramatic(){}
s32 hurt(){}
s32 hammer(){}
s32 trouble(){}
s32 word(){}
s32 governor(){}
s32 embarrass(){}
s32 art(){}
s32 compare(){}
s32 annoying(){}
s32 adventurous(){}
s32 kaput(){}
s32 stupendous(){}
s32 bikes(){}
s32 clammy(){}
s32 cart(){}
s32 moaning(){}
s32 tacit(){}
s32 likeable(){}
s32 sulky(){}
s32 part(){}
s32 pretend(){}
s32 nerve(){}
s32 steel(){}
s32 fair(){}
s32 steam(){}
s32 melt(){}
s32 unkempt(){}
s32 glow(){}
s32 whip(){}
s32 spark(){}
s32 internal(){}
s32 apparatus(){}
s32 turn(){}
s32 bad(){}
s32 pine(){}
s32 woman(){}
s32 toes(){}
s32 curious(){}
s32 itchy(){}
s32 morning(){}
s32 cold(){}
s32 bottle(){}
s32 pizzas(){}
s32 doubtful(){}
s32 exotic(){}
s32 wasteful(){}
s32 town(){}
s32 brass(){}
s32 pointless(){}
s32 appreciate(){}
s32 scrub(){}
s32 stroke(){}
s32 huge(){}
s32 motionless(){}
s32 discussion(){}
s32 tender(){}
s32 adjoining(){}
s32 error(){}
s32 collar(){}
s32 free(){}
s32 repeat(){}
s32 paint(){}
s32 name(){}
s32 succeed(){}
s32 listen(){}
s32 trap(){}
s32 goofy(){}
s32 slim(){}
s32 connection(){}
s32 copper(){}
s32 jump(){}
s32 adhesive(){}
s32 fluttering(){}
s32 yell(){}
s32 foamy(){}
s32 spurious(){}
s32 dislike(){}
s32 company(){}
s32 gun(){}
s32 phobic(){}
s32 actor(){}
s32 wide(){}
s32 mess s32 up(){}
s32 jog(){}
s32 ruin(){}
s32 telling(){}
s32 sprout(){}
s32 available(){}
s32 nauseating(){}
s32 grape(){}
s32 pump(){}
s32 humor(){}
s32 grate(){}
s32 fool(){}
s32 enthusiastic(){}
s32 female(){}
s32 clumsy(){}
s32 bat(){}
s32 humorous(){}
s32 grey(){}
s32 makeshift(){}
s32 birthday(){}
s32 nutritious(){}
s32 whimsical(){}
s32 axiomatic(){}
s32 wiggly(){}
s32 texture(){}
s32 earsplitting(){}
s32 psychotic(){}
s32 defective(){}
s32 past(){}
s32 mysterious(){}
s32 capricious(){}
s32 frail(){}
s32 amusing(){}
s32 soggy(){}
s32 healthy(){}
s32 rate(){}
s32 boot(){}
s32 pause(){}
s32 argue(){}
s32 sour(){}
s32 desire(){}
s32 sort(){}
s32 bitesized(){}
s32 dashing(){}
s32 vagabond(){}
s32 communicate(){}
s32 lock(){}
s32 longing(){}
s32 night(){}
s32 wellgroomed(){}
s32 laugh(){}
s32 arrogant(){}
s32 sweater(){}
s32 useful(){}
s32 swanky(){}
s32 scent(){}
s32 middle(){}
s32 current(){}
s32 thin(){}
s32 jewel(){}
s32 miscreant(){}
s32 toothsome(){}
s32 repulsive(){}
s32 moor(){}
s32 corn(){}
s32 addicted(){}
s32 abhorrent(){}
s32 coach(){}
s32 worried(){}
s32 film(){}
s32 violet(){}
s32 seat(){}
s32 smash(){}
s32 library(){}
s32 quaint(){}
s32 offer(){}
s32 historical(){}
s32 languid(){}
s32 teeny(){}
s32 arrange(){}
s32 agreement(){}
s32 thinkable(){}
s32 weary(){}
s32 descriptive(){}
s32 chilly(){}
s32 force(){}
s32 loose(){}
s32 penitent(){}
s32 nutty(){}
s32 tiger(){}
s32 pen(){}
s32 wakeful(){}
s32 card(){}
s32 guarded(){}
s32 majestic(){}
s32 mouth(){}
s32 sand(){}
s32 rebel(){}
s32 impulse(){}
s32 abiding(){}
s32 teaching(){}
s32 glamorous(){}
s32 land(){}
s32 receive(){}
s32 grieving(){}
s32 money(){}
s32 narrow(){}
s32 tin(){}
s32 violent(){}
s32 tall(){}
s32 position(){}
s32 tug(){}
s32 superficial(){}
s32 odd(){}
s32 decorous(){}
s32 momentous(){}
s32 aspiring(){}
s32 conscious(){}
s32 careless(){}
s32 sheep(){}
s32 necessary(){}
s32 ossified(){}
s32 cow(){}
s32 bake(){}
s32 romantic(){}
s32 object(){}
s32 hospitable(){}
s32 self(){}
s32 encouraging(){}
s32 jar(){}
s32 support(){}
s32 sock(){}
s32 limping(){}
s32 acoustics(){}
s32 sedate(){}
s32 wistful(){}
s32 somber(){}
s32 mellow(){}
s32 shave(){}
s32 caption(){}
s32 obey(){}
s32 chunky(){}
s32 shirt(){}
s32 tricky(){}
s32 even(){}
s32 slippery(){}
s32 picture(){}
s32 noxious(){}
s32 jam(){}
s32 thundering(){}
s32 snail(){}
s32 wrist(){}
s32 abashed(){}
s32 notebook(){}
s32 stale(){}
s32 normal(){}
s32 consider(){}
s32 start(){}
s32 weather(){}
s32 bubble(){}
s32 bounce(){}
s32 medical(){}
s32 silly(){}
s32 hour(){}
s32 recess(){}
s32 abandoned(){}
s32 cure(){}
s32 satisfying(){}
s32 crash(){}
s32 expansion(){}
s32 donkey(){}
s32 dream(){}
s32 deceive(){}
s32 raspy(){}
s32 fast(){}
s32 marvelous(){}
s32 gate(){}
s32 oven(){}
s32 settle(){}
s32 slave(){}
s32 bird(){}
s32 ring(){}
s32 attractive(){}
s32 delight(){}
s32 venomous(){}
s32 hug(){}
s32 aftermath(){}
s32 suppose(){}
s32 brake(){}
s32 paste(){}
s32 market(){}
s32 legal(){}
s32 ban(){}
s32 slope(){}
s32 towering(){}
s32 distance(){}
s32 blow(){}
s32 verdant(){}
s32 cake(){}
s32 uneven(){}
s32 milky(){}
s32 books(){}
s32 vacation(){}
s32 club(){}
s32 smoke(){}
s32 cheer(){}
s32 country(){}
s32 doctor(){}
s32 imagine(){}
s32 awake(){}
s32 needle(){}
s32 watch(){}
s32 expect(){}
s32 toe(){}
s32 tasteful(){}
s32 last(){}
s32 wealth(){}
s32 quarrelsome(){}
s32 girls(){}
s32 knock(){}
s32 disastrous(){}
s32 hallowed(){}
s32 future(){}
s32 blot(){}
s32 familiar(){}
s32 rotten(){}
s32 rustic(){}
s32 obedient(){}
s32 observant(){}
s32 taste(){}
s32 payment(){}
s32 lip(){}
s32 ancient(){}
s32 alleged(){}
s32 fine(){}
s32 foot(){}
s32 typical(){}
s32 sudden(){}
s32 bloody(){}
s32 zealous(){}
s32 overrated(){}
s32 event(){}
s32 efficacious(){}
s32 dock(){}
s32 yam(){}
s32 bore(){}
s32 utter(){}
s32 instrument(){}
s32 beg(){}
s32 mountainous(){}
s32 frantic(){}
s32 son(){}
s32 enormous(){}
s32 wire(){}
s32 memory(){}
s32 crowd(){}
s32 wait(){}
s32 rinse(){}
s32 gratis(){}
s32 acrid(){}
s32 confess(){}
s32 partner(){}
s32 pan(){}
s32 women(){}
s32 chance(){}
s32 cherries(){}
s32 shocking(){}
s32 observation(){}
s32 confuse(){}
s32 habitual(){}
s32 prose(){}
s32 massive(){}
s32 ambitious(){}
s32 glorious(){}
s32 unused(){}
s32 threatening(){}
s32 hissing(){}
s32 vulgar(){}
s32 imported(){}
s32 geese(){}
s32 interesting(){}
s32 silk(){}
s32 star(){}
s32 wool(){}
s32 aware(){}
s32 keen(){}
s32 cover(){}
s32 cemetery(){}
s32 shelf(){}
s32 check(){}
s32 slimy(){}
s32 gamy(){}
s32 embarrassed(){}
s32 end(){}
s32 hellish(){}
s32 songs(){}
s32 tangible(){}
s32 overflow(){}
s32 weight(){}
s32 wound(){}
s32 cream(){}
s32 bashful(){}
s32 flame(){}
s32 wary(){}
s32 oil(){}
s32 brother(){}
s32 protest(){}
s32 selective(){}
s32 hulking(){}
s32 scorch(){}
s32 glue(){}
s32 hypnotic(){}
s32 woozy(){}
s32 mushy(){}
s32 white(){}
s32 search(){}
s32 uptight(){}
s32 lyrical(){}
s32 learned(){}
s32 fanatical(){}
s32 sea(){}
s32 dust(){}
s32 death(){}
s32 friend(){}
s32 shape(){}
s32 sail(){}
s32 harass(){}
s32 nondescript(){}
s32 pear(){}
s32 sip(){}
s32 shock(){}
s32 basin(){}
s32 curved(){}
s32 sore(){}
s32 rough(){}
s32 punish(){}
s32 stain(){}
s32 railway(){}
s32 rings(){}
s32 scintillating(){}
s32 elite(){}
s32 balance(){}
s32 dolls(){}
s32 dog(){}
s32 elated(){}
s32 insurance(){}
s32 used(){}
s32 assorted(){}
s32 salt(){}
s32 trail(){}
s32 nut(){}
s32 degree(){}
s32 whine(){}
s32 skillful(){}
s32 smile(){}
s32 face(){}
s32 toys(){}
s32 garrulous(){}
s32 welltodo(){}
s32 reminiscent(){}
s32 observe(){}
s32 abaft(){}
s32 toy(){}
s32 iron(){}
s32 workable(){}
s32 judicious(){}
s32 big(){}
s32 idiotic(){}



s32 main() {

}