s32 discreet(){return 1+(1+(1+(1)));}
s32 note(){return 1+(1+(1+(1)));}
s32 mundane(){return 1+(1+(1+(1)));}
s32 cushion(){return 1+(1+(1+(1)));}
s32 macho(){return 1+(1+(1+(1)));}
s32 airport(){return 1+(1+(1+(1)));}
s32 race(){return 1+(1+(1+(1)));}
s32 energetic(){return 1+(1+(1+(1)));}
s32 chivalrous(){return 1+(1+(1+(1)));}
s32 wry(){return 1+(1+(1+(1)));}
s32 guide(){return 1+(1+(1+(1)));}
s32 wall(){return 1+(1+(1+(1)));}
s32 panoramic(){return 1+(1+(1+(1)));}
s32 caring(){return 1+(1+(1+(1)));}
s32 discovery(){return 1+(1+(1+(1)));}
s32 lumpy(){return 1+(1+(1+(1)));}
s32 strange(){return 1+(1+(1+(1)));}
s32 acoustic(){return 1+(1+(1+(1)));}
s32 pig(){return 1+(1+(1+(1)));}
s32 certain(){return 1+(1+(1+(1)));}
s32 flower(){return 1+(1+(1+(1)));}
s32 own(){return 1+(1+(1+(1)));}
s32 best(){return 1+(1+(1+(1)));}
s32 stage(){return 1+(1+(1+(1)));}
s32 terrify(){return 1+(1+(1+(1)));}
s32 bomb(){return 1+(1+(1+(1)));}
s32 men(){return 1+(1+(1+(1)));}
s32 great(){return 1+(1+(1+(1)));}
s32 uttermost(){return 1+(1+(1+(1)));}
s32 rely(){return 1+(1+(1+(1)));}
s32 impartial(){return 1+(1+(1+(1)));}
s32 year(){return 1+(1+(1+(1)));}
s32 cable(){return 1+(1+(1+(1)));}
s32 whirl(){return 1+(1+(1+(1)));}
s32 regret(){return 1+(1+(1+(1)));}
s32 ball(){return 1+(1+(1+(1)));}
s32 kneel(){return 1+(1+(1+(1)));}
s32 nail(){return 1+(1+(1+(1)));}
s32 redundant(){return 1+(1+(1+(1)));}
s32 scribble(){return 1+(1+(1+(1)));}
s32 hall(){return 1+(1+(1+(1)));}
s32 analyze(){return 1+(1+(1+(1)));}
s32 swing(){return 1+(1+(1+(1)));}
s32 mate(){return 1+(1+(1+(1)));}
s32 barbarous(){return 1+(1+(1+(1)));}
s32 cuddly(){return 1+(1+(1+(1)));}
s32 kittens(){return 1+(1+(1+(1)));}
s32 injure(){return 1+(1+(1+(1)));}
s32 deafening(){return 1+(1+(1+(1)));}
s32 confused(){return 1+(1+(1+(1)));}
s32 development(){return 1+(1+(1+(1)));}
s32 drown(){return 1+(1+(1+(1)));}
s32 gray(){return 1+(1+(1+(1)));}
s32 piquant(){return 1+(1+(1+(1)));}
s32 flavor(){return 1+(1+(1+(1)));}
s32 release(){return 1+(1+(1+(1)));}
s32 rock(){return 1+(1+(1+(1)));}
s32 nasty(){return 1+(1+(1+(1)));}
s32 rose(){return 1+(1+(1+(1)));}
s32 far(){return 1+(1+(1+(1)));}
s32 collect(){return 1+(1+(1+(1)));}
s32 line(){return 1+(1+(1+(1)));}
s32 strip(){return 1+(1+(1+(1)));}
s32 cut(){return 1+(1+(1+(1)));}
s32 creator(){return 1+(1+(1+(1)));}
s32 ashamed(){return 1+(1+(1+(1)));}
s32 peace(){return 1+(1+(1+(1)));}
s32 maniacal(){return 1+(1+(1+(1)));}
s32 drawer(){return 1+(1+(1+(1)));}
s32 society(){return 1+(1+(1+(1)));}
s32 dependent(){return 1+(1+(1+(1)));}
s32 left(){return 1+(1+(1+(1)));}
s32 continue(){return 1+(1+(1+(1)));}
s32 oceanic(){return 1+(1+(1+(1)));}
s32 unequaled(){return 1+(1+(1+(1)));}
s32 value(){return 1+(1+(1+(1)));}
s32 electric(){return 1+(1+(1+(1)));}
s32 animal(){return 1+(1+(1+(1)));}
s32 serious(){return 1+(1+(1+(1)));}
s32 sable(){return 1+(1+(1+(1)));}
s32 unlock(){return 1+(1+(1+(1)));}
s32 meddle(){return 1+(1+(1+(1)));}
s32 flaky(){return 1+(1+(1+(1)));}
s32 ignorant(){return 1+(1+(1+(1)));}
s32 warm(){return 1+(1+(1+(1)));}
s32 dirty(){return 1+(1+(1+(1)));}
s32 humdrum(){return 1+(1+(1+(1)));}
s32 youthful(){return 1+(1+(1+(1)));}
s32 achiever(){return 1+(1+(1+(1)));}
s32 strengthen(){return 1+(1+(1+(1)));}
s32 soda(){return 1+(1+(1+(1)));}
s32 abnormal(){return 1+(1+(1+(1)));}
s32 clap(){return 1+(1+(1+(1)));}
s32 reading(){return 1+(1+(1+(1)));}
s32 limit(){return 1+(1+(1+(1)));}
s32 slip(){return 1+(1+(1+(1)));}
s32 flat(){return 1+(1+(1+(1)));}
s32 playground(){return 1+(1+(1+(1)));}
s32 grease(){return 1+(1+(1+(1)));}
s32 behave(){return 1+(1+(1+(1)));}
s32 trust(){return 1+(1+(1+(1)));}
s32 ants(){return 1+(1+(1+(1)));}
s32 whistle(){return 1+(1+(1+(1)));}
s32 deliver(){return 1+(1+(1+(1)));}
s32 addition(){return 1+(1+(1+(1)));}
s32 hapless(){return 1+(1+(1+(1)));}
s32 change(){return 1+(1+(1+(1)));}
s32 elbow(){return 1+(1+(1+(1)));}
s32 meal(){return 1+(1+(1+(1)));}
s32 growth(){return 1+(1+(1+(1)));}
s32 fairies(){return 1+(1+(1+(1)));}
s32 army(){return 1+(1+(1+(1)));}
s32 chicken(){return 1+(1+(1+(1)));}
s32 challenge(){return 1+(1+(1+(1)));}
s32 screw(){return 1+(1+(1+(1)));}
s32 crow(){return 1+(1+(1+(1)));}
s32 demonic(){return 1+(1+(1+(1)));}
s32 spare(){return 1+(1+(1+(1)));}
s32 street(){return 1+(1+(1+(1)));}
s32 eager(){return 1+(1+(1+(1)));}
s32 hungry(){return 1+(1+(1+(1)));}
s32 show(){return 1+(1+(1+(1)));}
s32 rod(){return 1+(1+(1+(1)));}
s32 furniture(){return 1+(1+(1+(1)));}
s32 scarf(){return 1+(1+(1+(1)));}
s32 halting(){return 1+(1+(1+(1)));}
s32 clear(){return 1+(1+(1+(1)));}
s32 account(){return 1+(1+(1+(1)));}
s32 detail(){return 1+(1+(1+(1)));}
s32 prick(){return 1+(1+(1+(1)));}
s32 heap(){return 1+(1+(1+(1)));}
s32 effect(){return 1+(1+(1+(1)));}
s32 call(){return 1+(1+(1+(1)));}
s32 creepy(){return 1+(1+(1+(1)));}
s32 loss(){return 1+(1+(1+(1)));}
s32 questionable(){return 1+(1+(1+(1)));}
s32 staking(){return 1+(1+(1+(1)));}
s32 experience(){return 1+(1+(1+(1)));}
s32 side(){return 1+(1+(1+(1)));}
s32 innocent(){return 1+(1+(1+(1)));}
s32 man(){return 1+(1+(1+(1)));}
s32 advise(){return 1+(1+(1+(1)));}
s32 circle(){return 1+(1+(1+(1)));}
s32 foolish(){return 1+(1+(1+(1)));}
s32 identify(){return 1+(1+(1+(1)));}
s32 uncovered(){return 1+(1+(1+(1)));}
s32 false(){return 1+(1+(1+(1)));}
s32 crown(){return 1+(1+(1+(1)));}
s32 carriage(){return 1+(1+(1+(1)));}
s32 clean(){return 1+(1+(1+(1)));}
s32 plate(){return 1+(1+(1+(1)));}
s32 slow(){return 1+(1+(1+(1)));}
s32 arch(){return 1+(1+(1+(1)));}
s32 filthy(){return 1+(1+(1+(1)));}
s32 incredible(){return 1+(1+(1+(1)));}
s32 blueeyed(){return 1+(1+(1+(1)));}
s32 kick(){return 1+(1+(1+(1)));}
s32 suit(){return 1+(1+(1+(1)));}
s32 twig(){return 1+(1+(1+(1)));}
s32 stay(){return 1+(1+(1+(1)));}
s32 horrible(){return 1+(1+(1+(1)));}
s32 dad(){return 1+(1+(1+(1)));}
s32 precious(){return 1+(1+(1+(1)));}
s32 expand(){return 1+(1+(1+(1)));}
s32 pedal(){return 1+(1+(1+(1)));}
s32 statuesque(){return 1+(1+(1+(1)));}
s32 tired(){return 1+(1+(1+(1)));}
s32 decisive(){return 1+(1+(1+(1)));}
s32 high(){return 1+(1+(1+(1)));}
s32 safe(){return 1+(1+(1+(1)));}
s32 physical(){return 1+(1+(1+(1)));}
s32 calendar(){return 1+(1+(1+(1)));}
s32 flowery(){return 1+(1+(1+(1)));}
s32 snakes(){return 1+(1+(1+(1)));}
s32 kettle(){return 1+(1+(1+(1)));}
s32 snake(){return 1+(1+(1+(1)));}
s32 repair(){return 1+(1+(1+(1)));}
s32 bright(){return 1+(1+(1+(1)));}
s32 suspend(){return 1+(1+(1+(1)));}
s32 coat(){return 1+(1+(1+(1)));}
s32 shade(){return 1+(1+(1+(1)));}
s32 snow(){return 1+(1+(1+(1)));}
s32 murder(){return 1+(1+(1+(1)));}
s32 vase(){return 1+(1+(1+(1)));}
s32 guard(){return 1+(1+(1+(1)));}
s32 look(){return 1+(1+(1+(1)));}
s32 agree(){return 1+(1+(1+(1)));}
s32 unknown(){return 1+(1+(1+(1)));}
s32 organic(){return 1+(1+(1+(1)));}
s32 sink(){return 1+(1+(1+(1)));}
s32 attempt(){return 1+(1+(1+(1)));}
s32 squalid(){return 1+(1+(1+(1)));}
s32 yawn(){return 1+(1+(1+(1)));}
s32 groan(){return 1+(1+(1+(1)));}
s32 bathe(){return 1+(1+(1+(1)));}
s32 press(){return 1+(1+(1+(1)));}
s32 separate(){return 1+(1+(1+(1)));}
s32 deserted(){return 1+(1+(1+(1)));}
s32 fearless(){return 1+(1+(1+(1)));}
s32 striped(){return 1+(1+(1+(1)));}
s32 coherent(){return 1+(1+(1+(1)));}
s32 distribution(){return 1+(1+(1+(1)));}
s32 wine(){return 1+(1+(1+(1)));}
s32 elfin(){return 1+(1+(1+(1)));}
s32 bored(){return 1+(1+(1+(1)));}
s32 dapper(){return 1+(1+(1+(1)));}
s32 quixotic(){return 1+(1+(1+(1)));}
s32 feigned(){return 1+(1+(1+(1)));}
s32 victorious(){return 1+(1+(1+(1)));}
s32 place(){return 1+(1+(1+(1)));}
s32 base(){return 1+(1+(1+(1)));}
s32 dark(){return 1+(1+(1+(1)));}
s32 fog(){return 1+(1+(1+(1)));}
s32 possessive(){return 1+(1+(1+(1)));}
s32 racial(){return 1+(1+(1+(1)));}
s32 shy(){return 1+(1+(1+(1)));}
s32 angry(){return 1+(1+(1+(1)));}
s32 tree(){return 1+(1+(1+(1)));}
s32 drip(){return 1+(1+(1+(1)));}
s32 comparison(){return 1+(1+(1+(1)));}
s32 vengeful(){return 1+(1+(1+(1)));}
s32 muddled(){return 1+(1+(1+(1)));}
s32 ear(){return 1+(1+(1+(1)));}
s32 frightened(){return 1+(1+(1+(1)));}
s32 bite(){return 1+(1+(1+(1)));}
s32 roll(){return 1+(1+(1+(1)));}
s32 happen(){return 1+(1+(1+(1)));}
s32 lake(){return 1+(1+(1+(1)));}
s32 pin(){return 1+(1+(1+(1)));}
s32 magenta(){return 1+(1+(1+(1)));}
s32 temporary(){return 1+(1+(1+(1)));}
s32 representative(){return 1+(1+(1+(1)));}
s32 troubled(){return 1+(1+(1+(1)));}
s32 uninterested(){return 1+(1+(1+(1)));}
s32 eye(){return 1+(1+(1+(1)));}
s32 abject(){return 1+(1+(1+(1)));}
s32 punishment(){return 1+(1+(1+(1)));}
s32 worm(){return 1+(1+(1+(1)));}
s32 drab(){return 1+(1+(1+(1)));}
s32 nest(){return 1+(1+(1+(1)));}
s32 admit(){return 1+(1+(1+(1)));}
s32 wail(){return 1+(1+(1+(1)));}
s32 intend(){return 1+(1+(1+(1)));}
s32 car(){return 1+(1+(1+(1)));}
s32 voracious(){return 1+(1+(1+(1)));}
s32 wholesale(){return 1+(1+(1+(1)));}
s32 absorbed(){return 1+(1+(1+(1)));}
s32 magical(){return 1+(1+(1+(1)));}
s32 tempt(){return 1+(1+(1+(1)));}
s32 rifle(){return 1+(1+(1+(1)));}
s32 quiet(){return 1+(1+(1+(1)));}
s32 alluring(){return 1+(1+(1+(1)));}
s32 jail(){return 1+(1+(1+(1)));}
s32 deeply(){return 1+(1+(1+(1)));}
s32 full(){return 1+(1+(1+(1)));}
s32 flimsy(){return 1+(1+(1+(1)));}
s32 relieved(){return 1+(1+(1+(1)));}
s32 tap(){return 1+(1+(1+(1)));}
s32 admire(){return 1+(1+(1+(1)));}
s32 motion(){return 1+(1+(1+(1)));}
s32 pathetic(){return 1+(1+(1+(1)));}
s32 time(){return 1+(1+(1+(1)));}
s32 argument(){return 1+(1+(1+(1)));}
s32 uppity(){return 1+(1+(1+(1)));}
s32 handsomely(){return 1+(1+(1+(1)));}
s32 expensive(){return 1+(1+(1+(1)));}
s32 try(){return 1+(1+(1+(1)));}
s32 powder(){return 1+(1+(1+(1)));}
s32 haircut(){return 1+(1+(1+(1)));}
s32 five(){return 1+(1+(1+(1)));}
s32 whispering(){return 1+(1+(1+(1)));}
s32 enter(){return 1+(1+(1+(1)));}
s32 draconian(){return 1+(1+(1+(1)));}
s32 smelly(){return 1+(1+(1+(1)));}
s32 basket(){return 1+(1+(1+(1)));}
s32 interest(){return 1+(1+(1+(1)));}
s32 three(){return 1+(1+(1+(1)));}
s32 fear(){return 1+(1+(1+(1)));}
s32 wet(){return 1+(1+(1+(1)));}
s32 testy(){return 1+(1+(1+(1)));}
s32 scandalous(){return 1+(1+(1+(1)));}
s32 impossible(){return 1+(1+(1+(1)));}
s32 polish(){return 1+(1+(1+(1)));}
s32 naive(){return 1+(1+(1+(1)));}
s32 advice(){return 1+(1+(1+(1)));}
s32 wiry(){return 1+(1+(1+(1)));}
s32 lavish(){return 1+(1+(1+(1)));}
s32 camp(){return 1+(1+(1+(1)));}
s32 absent(){return 1+(1+(1+(1)));}
s32 spray(){return 1+(1+(1+(1)));}
s32 pigs(){return 1+(1+(1+(1)));}
s32 store(){return 1+(1+(1+(1)));}
s32 pie(){return 1+(1+(1+(1)));}
s32 upset(){return 1+(1+(1+(1)));}
s32 stream(){return 1+(1+(1+(1)));}
s32 feeling(){return 1+(1+(1+(1)));}
s32 same(){return 1+(1+(1+(1)));}
s32 pink(){return 1+(1+(1+(1)));}
s32 zany(){return 1+(1+(1+(1)));}
s32 chemical(){return 1+(1+(1+(1)));}
s32 wink(){return 1+(1+(1+(1)));}
s32 children(){return 1+(1+(1+(1)));}
s32 post(){return 1+(1+(1+(1)));}
s32 reply(){return 1+(1+(1+(1)));}
s32 giddy(){return 1+(1+(1+(1)));}
s32 delicate(){return 1+(1+(1+(1)));}
s32 flippant(){return 1+(1+(1+(1)));}
s32 insect(){return 1+(1+(1+(1)));}
s32 chin(){return 1+(1+(1+(1)));}
s32 visit(){return 1+(1+(1+(1)));}
s32 accept(){return 1+(1+(1+(1)));}
s32 guiltless(){return 1+(1+(1+(1)));}
s32 profit(){return 1+(1+(1+(1)));}
s32 impress(){return 1+(1+(1+(1)));}
s32 tasty(){return 1+(1+(1+(1)));}
s32 painful(){return 1+(1+(1+(1)));}
s32 sordid(){return 1+(1+(1+(1)));}
s32 remove(){return 1+(1+(1+(1)));}
s32 desert(){return 1+(1+(1+(1)));}
s32 compete(){return 1+(1+(1+(1)));}
s32 tomatoes(){return 1+(1+(1+(1)));}
s32 willing(){return 1+(1+(1+(1)));}
s32 butter(){return 1+(1+(1+(1)));}
s32 icicle(){return 1+(1+(1+(1)));}
s32 property(){return 1+(1+(1+(1)));}
s32 comb(){return 1+(1+(1+(1)));}
s32 chase(){return 1+(1+(1+(1)));}
s32 kindhearted(){return 1+(1+(1+(1)));}
s32 unable(){return 1+(1+(1+(1)));}
s32 alcoholic(){return 1+(1+(1+(1)));}
s32 brave(){return 1+(1+(1+(1)));}
s32 writing(){return 1+(1+(1+(1)));}
s32 fierce(){return 1+(1+(1+(1)));}
s32 worry(){return 1+(1+(1+(1)));}
s32 shelter(){return 1+(1+(1+(1)));}
s32 thankful(){return 1+(1+(1+(1)));}
s32 substantial(){return 1+(1+(1+(1)));}
s32 meeting(){return 1+(1+(1+(1)));}
s32 brush(){return 1+(1+(1+(1)));}
s32 dinner(){return 1+(1+(1+(1)));}
s32 homely(){return 1+(1+(1+(1)));}
s32 obsequious(){return 1+(1+(1+(1)));}
s32 fluffy(){return 1+(1+(1+(1)));}
s32 wish(){return 1+(1+(1+(1)));}
s32 courageous(){return 1+(1+(1+(1)));}
s32 thought(){return 1+(1+(1+(1)));}
s32 box(){return 1+(1+(1+(1)));}
s32 jumbled(){return 1+(1+(1+(1)));}
s32 crush(){return 1+(1+(1+(1)));}
s32 lively(){return 1+(1+(1+(1)));}
s32 berserk(){return 1+(1+(1+(1)));}
s32 stick(){return 1+(1+(1+(1)));}
s32 ruthless(){return 1+(1+(1+(1)));}
s32 lucky(){return 1+(1+(1+(1)));}
s32 spiritual(){return 1+(1+(1+(1)));}
s32 rat(){return 1+(1+(1+(1)));}
s32 daughter(){return 1+(1+(1+(1)));}
s32 attraction(){return 1+(1+(1+(1)));}
s32 government(){return 1+(1+(1+(1)));}
s32 destruction(){return 1+(1+(1+(1)));}
s32 potato(){return 1+(1+(1+(1)));}
s32 tub(){return 1+(1+(1+(1)));}
s32 monkey(){return 1+(1+(1+(1)));}
s32 badge(){return 1+(1+(1+(1)));}
s32 subtract(){return 1+(1+(1+(1)));}
s32 inconclusive(){return 1+(1+(1+(1)));}
s32 spectacular(){return 1+(1+(1+(1)));}
s32 outstanding(){return 1+(1+(1+(1)));}
s32 muscle(){return 1+(1+(1+(1)));}
s32 shrill(){return 1+(1+(1+(1)));}
s32 practice(){return 1+(1+(1+(1)));}
s32 sky(){return 1+(1+(1+(1)));}
s32 lowly(){return 1+(1+(1+(1)));}
s32 sack(){return 1+(1+(1+(1)));}
s32 colour(){return 1+(1+(1+(1)));}
s32 brawny(){return 1+(1+(1+(1)));}
s32 dead(){return 1+(1+(1+(1)));}
s32 babies(){return 1+(1+(1+(1)));}
s32 wellmade(){return 1+(1+(1+(1)));}
s32 number(){return 1+(1+(1+(1)));}
s32 lush(){return 1+(1+(1+(1)));}
s32 muddle(){return 1+(1+(1+(1)));}
s32 boy(){return 1+(1+(1+(1)));}
s32 bead(){return 1+(1+(1+(1)));}
s32 hurried(){return 1+(1+(1+(1)));}
s32 lick(){return 1+(1+(1+(1)));}
s32 amused(){return 1+(1+(1+(1)));}
s32 disturbed(){return 1+(1+(1+(1)));}
s32 language(){return 1+(1+(1+(1)));}
s32 jobless(){return 1+(1+(1+(1)));}
s32 present(){return 1+(1+(1+(1)));}
s32 open(){return 1+(1+(1+(1)));}
s32 breakable(){return 1+(1+(1+(1)));}
s32 thaw(){return 1+(1+(1+(1)));}
s32 toothpaste(){return 1+(1+(1+(1)));}
s32 spade(){return 1+(1+(1+(1)));}
s32 grade(){return 1+(1+(1+(1)));}
s32 legs(){return 1+(1+(1+(1)));}
s32 crate(){return 1+(1+(1+(1)));}
s32 six(){return 1+(1+(1+(1)));}
s32 shiny(){return 1+(1+(1+(1)));}
s32 camera(){return 1+(1+(1+(1)));}
s32 plane(){return 1+(1+(1+(1)));}
s32 unaccountable(){return 1+(1+(1+(1)));}
s32 debt(){return 1+(1+(1+(1)));}
s32 fabulous(){return 1+(1+(1+(1)));}
s32 fly(){return 1+(1+(1+(1)));}
s32 absorbing(){return 1+(1+(1+(1)));}
s32 wash(){return 1+(1+(1+(1)));}
s32 swim(){return 1+(1+(1+(1)));}
s32 tank(){return 1+(1+(1+(1)));}
s32 exist(){return 1+(1+(1+(1)));}
s32 respect(){return 1+(1+(1+(1)));}
s32 stitch(){return 1+(1+(1+(1)));}
s32 beginner(){return 1+(1+(1+(1)));}
s32 wheel(){return 1+(1+(1+(1)));}
s32 throat(){return 1+(1+(1+(1)));}
s32 war(){return 1+(1+(1+(1)));}
s32 aunt(){return 1+(1+(1+(1)));}
s32 mute(){return 1+(1+(1+(1)));}
s32 creature(){return 1+(1+(1+(1)));}
s32 pollution(){return 1+(1+(1+(1)));}
s32 earthy(){return 1+(1+(1+(1)));}
s32 thing(){return 1+(1+(1+(1)));}
s32 lazy(){return 1+(1+(1+(1)));}
s32 ragged(){return 1+(1+(1+(1)));}
s32 blue(){return 1+(1+(1+(1)));}
s32 delicious(){return 1+(1+(1+(1)));}
s32 breathe(){return 1+(1+(1+(1)));}
s32 tax(){return 1+(1+(1+(1)));}
s32 bag(){return 1+(1+(1+(1)));}
s32 road(){return 1+(1+(1+(1)));}
s32 work(){return 1+(1+(1+(1)));}
s32 guess(){return 1+(1+(1+(1)));}
s32 ripe(){return 1+(1+(1+(1)));}
s32 decision(){return 1+(1+(1+(1)));}
s32 slap(){return 1+(1+(1+(1)));}
s32 kind(){return 1+(1+(1+(1)));}
s32 average(){return 1+(1+(1+(1)));}
s32 match(){return 1+(1+(1+(1)));}
s32 door(){return 1+(1+(1+(1)));}
s32 ski(){return 1+(1+(1+(1)));}
s32 half(){return 1+(1+(1+(1)));}
s32 advertisement(){return 1+(1+(1+(1)));}
s32 lighten(){return 1+(1+(1+(1)));}
s32 zonked(){return 1+(1+(1+(1)));}
s32 private(){return 1+(1+(1+(1)));}
s32 downtown(){return 1+(1+(1+(1)));}
s32 steady(){return 1+(1+(1+(1)));}
s32 cluttered(){return 1+(1+(1+(1)));}
s32 gentle(){return 1+(1+(1+(1)));}
s32 annoy(){return 1+(1+(1+(1)));}
s32 brown(){return 1+(1+(1+(1)));}
s32 relation(){return 1+(1+(1+(1)));}
s32 undress(){return 1+(1+(1+(1)));}
s32 suggest(){return 1+(1+(1+(1)));}
s32 skin(){return 1+(1+(1+(1)));}
s32 few(){return 1+(1+(1+(1)));}
s32 calm(){return 1+(1+(1+(1)));}
s32 four(){return 1+(1+(1+(1)));}
s32 large(){return 1+(1+(1+(1)));}
s32 excuse(){return 1+(1+(1+(1)));}
s32 remarkable(){return 1+(1+(1+(1)));}
s32 tiny(){return 1+(1+(1+(1)));}
s32 yielding(){return 1+(1+(1+(1)));}
s32 wicked(){return 1+(1+(1+(1)));}
s32 ray(){return 1+(1+(1+(1)));}
s32 grass(){return 1+(1+(1+(1)));}
s32 cars(){return 1+(1+(1+(1)));}
s32 plantation(){return 1+(1+(1+(1)));}
s32 stew(){return 1+(1+(1+(1)));}
s32 stormy(){return 1+(1+(1+(1)));}
s32 winter(){return 1+(1+(1+(1)));}
s32 windy(){return 1+(1+(1+(1)));}
s32 scrape(){return 1+(1+(1+(1)));}
s32 macabre(){return 1+(1+(1+(1)));}
s32 calculator(){return 1+(1+(1+(1)));}
s32 reign(){return 1+(1+(1+(1)));}
s32 disapprove(){return 1+(1+(1+(1)));}
s32 list(){return 1+(1+(1+(1)));}
s32 phone(){return 1+(1+(1+(1)));}
s32 broken(){return 1+(1+(1+(1)));}
s32 run(){return 1+(1+(1+(1)));}
s32 glossy(){return 1+(1+(1+(1)));}
s32 spoil(){return 1+(1+(1+(1)));}
s32 curly(){return 1+(1+(1+(1)));}
s32 educate(){return 1+(1+(1+(1)));}
s32 amuck(){return 1+(1+(1+(1)));}
s32 ready(){return 1+(1+(1+(1)));}
s32 reproduce(){return 1+(1+(1+(1)));}
s32 puncture(){return 1+(1+(1+(1)));}
s32 tow(){return 1+(1+(1+(1)));}
s32 rude(){return 1+(1+(1+(1)));}
s32 metal(){return 1+(1+(1+(1)));}
s32 protective(){return 1+(1+(1+(1)));}
s32 fry(){return 1+(1+(1+(1)));}
s32 quartz(){return 1+(1+(1+(1)));}
s32 straight(){return 1+(1+(1+(1)));}
s32 general(){return 1+(1+(1+(1)));}
s32 story(){return 1+(1+(1+(1)));}
s32 activity(){return 1+(1+(1+(1)));}
s32 aloof(){return 1+(1+(1+(1)));}
s32 example(){return 1+(1+(1+(1)));}
s32 approval(){return 1+(1+(1+(1)));}
s32 bump(){return 1+(1+(1+(1)));}
s32 yarn(){return 1+(1+(1+(1)));}
s32 church(){return 1+(1+(1+(1)));}
s32 knot(){return 1+(1+(1+(1)));}
s32 view(){return 1+(1+(1+(1)));}
s32 idea(){return 1+(1+(1+(1)));}
s32 alert(){return 1+(1+(1+(1)));}
s32 trucks(){return 1+(1+(1+(1)));}
s32 jaded(){return 1+(1+(1+(1)));}
s32 invention(){return 1+(1+(1+(1)));}
s32 delirious(){return 1+(1+(1+(1)));}
s32 boast(){return 1+(1+(1+(1)));}
s32 oafish(){return 1+(1+(1+(1)));}
s32 please(){return 1+(1+(1+(1)));}
s32 exercise(){return 1+(1+(1+(1)));}
s32 old(){return 1+(1+(1+(1)));}
s32 zinc(){return 1+(1+(1+(1)));}
s32 suggestion(){return 1+(1+(1+(1)));}
s32 tent(){return 1+(1+(1+(1)));}
s32 retire(){return 1+(1+(1+(1)));}
s32 various(){return 1+(1+(1+(1)));}
s32 depend(){return 1+(1+(1+(1)));}
s32 futuristic(){return 1+(1+(1+(1)));}
s32 avoid(){return 1+(1+(1+(1)));}
s32 receptive(){return 1+(1+(1+(1)));}
s32 dysfunctional(){return 1+(1+(1+(1)));}
s32 fish(){return 1+(1+(1+(1)));}
s32 savory(){return 1+(1+(1+(1)));}
s32 plants(){return 1+(1+(1+(1)));}
s32 cactus(){return 1+(1+(1+(1)));}
s32 field(){return 1+(1+(1+(1)));}
s32 group(){return 1+(1+(1+(1)));}
s32 grip(){return 1+(1+(1+(1)));}
s32 zip(){return 1+(1+(1+(1)));}
s32 cent(){return 1+(1+(1+(1)));}
s32 live(){return 1+(1+(1+(1)));}
s32 prefer(){return 1+(1+(1+(1)));}
s32 sleep(){return 1+(1+(1+(1)));}
s32 attack(){return 1+(1+(1+(1)));}
s32 chew(){return 1+(1+(1+(1)));}
s32 wealthy(){return 1+(1+(1+(1)));}
s32 icky(){return 1+(1+(1+(1)));}
s32 proud(){return 1+(1+(1+(1)));}
s32 nifty(){return 1+(1+(1+(1)));}
s32 smiling(){return 1+(1+(1+(1)));}
s32 subdued(){return 1+(1+(1+(1)));}
s32 command(){return 1+(1+(1+(1)));}
s32 miniature(){return 1+(1+(1+(1)));}
s32 division(){return 1+(1+(1+(1)));}
s32 calculating(){return 1+(1+(1+(1)));}
s32 seed(){return 1+(1+(1+(1)));}
s32 lovely(){return 1+(1+(1+(1)));}
s32 disgusted(){return 1+(1+(1+(1)));}
s32 stingy(){return 1+(1+(1+(1)));}
s32 invite(){return 1+(1+(1+(1)));}
s32 suspect(){return 1+(1+(1+(1)));}
s32 hunt(){return 1+(1+(1+(1)));}
s32 page(){return 1+(1+(1+(1)));}
s32 tiresome(){return 1+(1+(1+(1)));}
s32 glass(){return 1+(1+(1+(1)));}
s32 lettuce(){return 1+(1+(1+(1)));}
s32 broad(){return 1+(1+(1+(1)));}
s32 peep(){return 1+(1+(1+(1)));}
s32 poison(){return 1+(1+(1+(1)));}
s32 wrap(){return 1+(1+(1+(1)));}
s32 squeamish(){return 1+(1+(1+(1)));}
s32 stiff(){return 1+(1+(1+(1)));}
s32 nonstop(){return 1+(1+(1+(1)));}
s32 misty(){return 1+(1+(1+(1)));}
s32 silent(){return 1+(1+(1+(1)));}
s32 hose(){return 1+(1+(1+(1)));}
s32 farflung(){return 1+(1+(1+(1)));}
s32 crack(){return 1+(1+(1+(1)));}
s32 underwear(){return 1+(1+(1+(1)));}
s32 smart(){return 1+(1+(1+(1)));}
s32 shoes(){return 1+(1+(1+(1)));}
s32 fragile(){return 1+(1+(1+(1)));}
s32 splendid(){return 1+(1+(1+(1)));}
s32 wonderful(){return 1+(1+(1+(1)));}
s32 longterm(){return 1+(1+(1+(1)));}
s32 pocket(){return 1+(1+(1+(1)));}
s32 holiday(){return 1+(1+(1+(1)));}
s32 pat(){return 1+(1+(1+(1)));}
s32 cumbersome(){return 1+(1+(1+(1)));}
s32 bone(){return 1+(1+(1+(1)));}
s32 complex(){return 1+(1+(1+(1)));}
s32 flock(){return 1+(1+(1+(1)));}
s32 depressed(){return 1+(1+(1+(1)));}
s32 bath(){return 1+(1+(1+(1)));}
s32 rhetorical(){return 1+(1+(1+(1)));}
s32 loving(){return 1+(1+(1+(1)));}
s32 point(){return 1+(1+(1+(1)));}
s32 help(){return 1+(1+(1+(1)));}
s32 satisfy(){return 1+(1+(1+(1)));}
s32 beneficial(){return 1+(1+(1+(1)));}
s32 pets(){return 1+(1+(1+(1)));}
s32 smooth(){return 1+(1+(1+(1)));}
s32 aromatic(){return 1+(1+(1+(1)));}
s32 wise(){return 1+(1+(1+(1)));}
s32 sense(){return 1+(1+(1+(1)));}
s32 womanly(){return 1+(1+(1+(1)));}
s32 permit(){return 1+(1+(1+(1)));}
s32 inexpensive(){return 1+(1+(1+(1)));}
s32 perform(){return 1+(1+(1+(1)));}
s32 rest(){return 1+(1+(1+(1)));}
s32 military(){return 1+(1+(1+(1)));}
s32 empty(){return 1+(1+(1+(1)));}
s32 animated(){return 1+(1+(1+(1)));}
s32 lopsided(){return 1+(1+(1+(1)));}
s32 flawless(){return 1+(1+(1+(1)));}
s32 fill(){return 1+(1+(1+(1)));}
s32 gather(){return 1+(1+(1+(1)));}
s32 planes(){return 1+(1+(1+(1)));}
s32 annoyed(){return 1+(1+(1+(1)));}
s32 flashy(){return 1+(1+(1+(1)));}
s32 push(){return 1+(1+(1+(1)));}
s32 head(){return 1+(1+(1+(1)));}
s32 bucket(){return 1+(1+(1+(1)));}
s32 hole(){return 1+(1+(1+(1)));}
s32 short(){return 1+(1+(1+(1)));}
s32 premium(){return 1+(1+(1+(1)));}
s32 stranger(){return 1+(1+(1+(1)));}
s32 weak(){return 1+(1+(1+(1)));}
s32 intelligent(){return 1+(1+(1+(1)));}
s32 soup(){return 1+(1+(1+(1)));}
s32 sin(){return 1+(1+(1+(1)));}
s32 size(){return 1+(1+(1+(1)));}
s32 evasive(){return 1+(1+(1+(1)));}
s32 house(){return 1+(1+(1+(1)));}
s32 bewildered(){return 1+(1+(1+(1)));}
s32 actually(){return 1+(1+(1+(1)));}
s32 highpitched(){return 1+(1+(1+(1)));}
s32 superb(){return 1+(1+(1+(1)));}
s32 punch(){return 1+(1+(1+(1)));}
s32 obscene(){return 1+(1+(1+(1)));}
s32 wild(){return 1+(1+(1+(1)));}
s32 move(){return 1+(1+(1+(1)));}
s32 brash(){return 1+(1+(1+(1)));}
s32 hushed(){return 1+(1+(1+(1)));}
s32 pickle(){return 1+(1+(1+(1)));}
s32 lying(){return 1+(1+(1+(1)));}
s32 cook(){return 1+(1+(1+(1)));}
s32 male(){return 1+(1+(1+(1)));}
s32 neck(){return 1+(1+(1+(1)));}
s32 dime(){return 1+(1+(1+(1)));}
s32 divergent(){return 1+(1+(1+(1)));}
s32 illegal(){return 1+(1+(1+(1)));}
s32 claim(){return 1+(1+(1+(1)));}
s32 squirrel(){return 1+(1+(1+(1)));}
s32 ruddy(){return 1+(1+(1+(1)));}
s32 black(){return 1+(1+(1+(1)));}
s32 marble(){return 1+(1+(1+(1)));}
s32 chief(){return 1+(1+(1+(1)));}
s32 farm(){return 1+(1+(1+(1)));}
s32 sigh(){return 1+(1+(1+(1)));}
s32 illustrious(){return 1+(1+(1+(1)));}
s32 xray(){return 1+(1+(1+(1)));}
s32 quill(){return 1+(1+(1+(1)));}
s32 drop(){return 1+(1+(1+(1)));}
s32 overconfident(){return 1+(1+(1+(1)));}
s32 walk(){return 1+(1+(1+(1)));}
s32 waste(){return 1+(1+(1+(1)));}
s32 curtain(){return 1+(1+(1+(1)));}
s32 fang(){return 1+(1+(1+(1)));}
s32 foregoing(){return 1+(1+(1+(1)));}
s32 thoughtful(){return 1+(1+(1+(1)));}
s32 craven(){return 1+(1+(1+(1)));}
s32 burly(){return 1+(1+(1+(1)));}
s32 succinct(){return 1+(1+(1+(1)));}
s32 erratic(){return 1+(1+(1+(1)));}
s32 grateful(){return 1+(1+(1+(1)));}
s32 provide(){return 1+(1+(1+(1)));}
s32 offend(){return 1+(1+(1+(1)));}
s32 pleasant(){return 1+(1+(1+(1)));}
s32 bare(){return 1+(1+(1+(1)));}
s32 shaggy(){return 1+(1+(1+(1)));}
s32 permissible(){return 1+(1+(1+(1)));}
s32 exuberant(){return 1+(1+(1+(1)));}
s32 roof(){return 1+(1+(1+(1)));}
s32 acidic(){return 1+(1+(1+(1)));}
s32 vanish(){return 1+(1+(1+(1)));}
s32 edge(){return 1+(1+(1+(1)));}
s32 shiver(){return 1+(1+(1+(1)));}
s32 found(){return 1+(1+(1+(1)));}
s32 defeated(){return 1+(1+(1+(1)));}
s32 welcome(){return 1+(1+(1+(1)));}
s32 pass(){return 1+(1+(1+(1)));}
s32 gruesome(){return 1+(1+(1+(1)));}
s32 zippy(){return 1+(1+(1+(1)));}
s32 tame(){return 1+(1+(1+(1)));}
s32 sleepy(){return 1+(1+(1+(1)));}
s32 umbrella(){return 1+(1+(1+(1)));}
s32 round(){return 1+(1+(1+(1)));}
s32 jumpy(){return 1+(1+(1+(1)));}
s32 dirt(){return 1+(1+(1+(1)));}
s32 wind(){return 1+(1+(1+(1)));}
s32 sophisticated(){return 1+(1+(1+(1)));}
s32 alive(){return 1+(1+(1+(1)));}
s32 perfect(){return 1+(1+(1+(1)));}
s32 vigorous(){return 1+(1+(1+(1)));}
s32 busy(){return 1+(1+(1+(1)));}
s32 tour(){return 1+(1+(1+(1)));}
s32 arm(){return 1+(1+(1+(1)));}
s32 shaky(){return 1+(1+(1+(1)));}
s32 regular(){return 1+(1+(1+(1)));}
s32 dam(){return 1+(1+(1+(1)));}
s32 include(){return 1+(1+(1+(1)));}
s32 naughty(){return 1+(1+(1+(1)));}
s32 milk(){return 1+(1+(1+(1)));}
s32 ratty(){return 1+(1+(1+(1)));}
s32 imaginary(){return 1+(1+(1+(1)));}
s32 needless(){return 1+(1+(1+(1)));}
s32 spotty(){return 1+(1+(1+(1)));}
s32 greasy(){return 1+(1+(1+(1)));}
s32 lumber(){return 1+(1+(1+(1)));}
s32 plant(){return 1+(1+(1+(1)));}
s32 carpenter(){return 1+(1+(1+(1)));}
s32 pencil(){return 1+(1+(1+(1)));}
s32 wanting(){return 1+(1+(1+(1)));}
s32 public(){return 1+(1+(1+(1)));}
s32 bit(){return 1+(1+(1+(1)));}
s32 detect(){return 1+(1+(1+(1)));}
s32 warn(){return 1+(1+(1+(1)));}
s32 psychedelic(){return 1+(1+(1+(1)));}
s32 memorize(){return 1+(1+(1+(1)));}
s32 queue(){return 1+(1+(1+(1)));}
s32 greet(){return 1+(1+(1+(1)));}
s32 scary(){return 1+(1+(1+(1)));}
s32 interrupt(){return 1+(1+(1+(1)));}
s32 machine(){return 1+(1+(1+(1)));}
s32 soak(){return 1+(1+(1+(1)));}
s32 sniff(){return 1+(1+(1+(1)));}
s32 paltry(){return 1+(1+(1+(1)));}
s32 subsequent(){return 1+(1+(1+(1)));}
s32 impolite(){return 1+(1+(1+(1)));}
s32 frogs(){return 1+(1+(1+(1)));}
s32 wreck(){return 1+(1+(1+(1)));}
s32 juvenile(){return 1+(1+(1+(1)));}
s32 belligerent(){return 1+(1+(1+(1)));}
s32 need(){return 1+(1+(1+(1)));}
s32 hair(){return 1+(1+(1+(1)));}
s32 aberrant(){return 1+(1+(1+(1)));}
s32 cultured(){return 1+(1+(1+(1)));}
s32 maddening(){return 1+(1+(1+(1)));}
s32 selfish(){return 1+(1+(1+(1)));}
s32 linen(){return 1+(1+(1+(1)));}
s32 red(){return 1+(1+(1+(1)));}
s32 shop(){return 1+(1+(1+(1)));}
s32 probable(){return 1+(1+(1+(1)));}
s32 fresh(){return 1+(1+(1+(1)));}
s32 route(){return 1+(1+(1+(1)));}
s32 snails(){return 1+(1+(1+(1)));}
s32 imperfect(){return 1+(1+(1+(1)));}
s32 health(){return 1+(1+(1+(1)));}
s32 stop(){return 1+(1+(1+(1)));}
s32 color(){return 1+(1+(1+(1)));}
s32 damaged(){return 1+(1+(1+(1)));}
s32 pour(){return 1+(1+(1+(1)));}
s32 boiling(){return 1+(1+(1+(1)));}
s32 popcorn(){return 1+(1+(1+(1)));}
s32 untidy(){return 1+(1+(1+(1)));}
s32 report(){return 1+(1+(1+(1)));}
s32 coast(){return 1+(1+(1+(1)));}
s32 stone(){return 1+(1+(1+(1)));}
s32 parched(){return 1+(1+(1+(1)));}
s32 spotted(){return 1+(1+(1+(1)));}
s32 ajar(){return 1+(1+(1+(1)));}
s32 neat(){return 1+(1+(1+(1)));}
s32 adaptable(){return 1+(1+(1+(1)));}
s32 glistening(){return 1+(1+(1+(1)));}
s32 sweltering(){return 1+(1+(1+(1)));}
s32 front(){return 1+(1+(1+(1)));}
s32 gusty(){return 1+(1+(1+(1)));}
s32 remind(){return 1+(1+(1+(1)));}
s32 functional(){return 1+(1+(1+(1)));}
s32 sharp(){return 1+(1+(1+(1)));}
s32 fit(){return 1+(1+(1+(1)));}
s32 ugliest(){return 1+(1+(1+(1)));}
s32 celery(){return 1+(1+(1+(1)));}
s32 spot(){return 1+(1+(1+(1)));}
s32 building(){return 1+(1+(1+(1)));}
s32 numberless(){return 1+(1+(1+(1)));}
s32 suck(){return 1+(1+(1+(1)));}
s32 harm(){return 1+(1+(1+(1)));}
s32 spiteful(){return 1+(1+(1+(1)));}
s32 cat(){return 1+(1+(1+(1)));}
s32 rainstorm(){return 1+(1+(1+(1)));}
s32 quick(){return 1+(1+(1+(1)));}
s32 bruise(){return 1+(1+(1+(1)));}
s32 fixed(){return 1+(1+(1+(1)));}
s32 upbeat(){return 1+(1+(1+(1)));}
s32 flagrant(){return 1+(1+(1+(1)));}
s32 bent(){return 1+(1+(1+(1)));}
s32 cagey(){return 1+(1+(1+(1)));}
s32 like(){return 1+(1+(1+(1)));}
s32 funny(){return 1+(1+(1+(1)));}
s32 wing(){return 1+(1+(1+(1)));}
s32 labored(){return 1+(1+(1+(1)));}
s32 zoo(){return 1+(1+(1+(1)));}
s32 fail(){return 1+(1+(1+(1)));}
s32 fallacious(){return 1+(1+(1+(1)));}
s32 pail(){return 1+(1+(1+(1)));}
s32 employ(){return 1+(1+(1+(1)));}
s32 van(){return 1+(1+(1+(1)));}
s32 deer(){return 1+(1+(1+(1)));}
s32 top(){return 1+(1+(1+(1)));}
s32 literate(){return 1+(1+(1+(1)));}
s32 harmony(){return 1+(1+(1+(1)));}
s32 control(){return 1+(1+(1+(1)));}
s32 fade(){return 1+(1+(1+(1)));}
s32 yummy(){return 1+(1+(1+(1)));}
s32 agonizing(){return 1+(1+(1+(1)));}
s32 visitor(){return 1+(1+(1+(1)));}
s32 selection(){return 1+(1+(1+(1)));}
s32 supply(){return 1+(1+(1+(1)));}
s32 warlike(){return 1+(1+(1+(1)));}
s32 colossal(){return 1+(1+(1+(1)));}
s32 guttural(){return 1+(1+(1+(1)));}
s32 tray(){return 1+(1+(1+(1)));}
s32 afterthought(){return 1+(1+(1+(1)));}
s32 wriggle(){return 1+(1+(1+(1)));}
s32 rush(){return 1+(1+(1+(1)));}
s32 air(){return 1+(1+(1+(1)));}
s32 hover(){return 1+(1+(1+(1)));}
s32 belong(){return 1+(1+(1+(1)));}
s32 colorful(){return 1+(1+(1+(1)));}
s32 boorish(){return 1+(1+(1+(1)));}
s32 remain(){return 1+(1+(1+(1)));}
s32 tasteless(){return 1+(1+(1+(1)));}
s32 lace(){return 1+(1+(1+(1)));}
s32 waves(){return 1+(1+(1+(1)));}
s32 instinctive(){return 1+(1+(1+(1)));}
s32 zoom(){return 1+(1+(1+(1)));}
s32 jeans(){return 1+(1+(1+(1)));}
s32 many(){return 1+(1+(1+(1)));}
s32 range(){return 1+(1+(1+(1)));}
s32 rare(){return 1+(1+(1+(1)));}
s32 cooing(){return 1+(1+(1+(1)));}
s32 jellyfish(){return 1+(1+(1+(1)));}
s32 puzzling(){return 1+(1+(1+(1)));}
s32 nervous(){return 1+(1+(1+(1)));}
s32 science(){return 1+(1+(1+(1)));}
s32 complete(){return 1+(1+(1+(1)));}
s32 dry(){return 1+(1+(1+(1)));}
s32 envious(){return 1+(1+(1+(1)));}
s32 defiant(){return 1+(1+(1+(1)));}
s32 unequal(){return 1+(1+(1+(1)));}
s32 apologise(){return 1+(1+(1+(1)));}
s32 efficient(){return 1+(1+(1+(1)));}
s32 glove(){return 1+(1+(1+(1)));}
s32 summer(){return 1+(1+(1+(1)));}
s32 clip(){return 1+(1+(1+(1)));}
s32 amuse(){return 1+(1+(1+(1)));}
s32 infamous(){return 1+(1+(1+(1)));}
s32 brainy(){return 1+(1+(1+(1)));}
s32 acid(){return 1+(1+(1+(1)));}
s32 charming(){return 1+(1+(1+(1)));}
s32 day(){return 1+(1+(1+(1)));}
s32 rail(){return 1+(1+(1+(1)));}
s32 unarmed(){return 1+(1+(1+(1)));}
s32 trace(){return 1+(1+(1+(1)));}
s32 silver(){return 1+(1+(1+(1)));}
s32 bleach(){return 1+(1+(1+(1)));}
s32 inject(){return 1+(1+(1+(1)));}
s32 mature(){return 1+(1+(1+(1)));}
s32 hilarious(){return 1+(1+(1+(1)));}
s32 fold(){return 1+(1+(1+(1)));}
s32 twist(){return 1+(1+(1+(1)));}
s32 fix(){return 1+(1+(1+(1)));}
s32 porter(){return 1+(1+(1+(1)));}
s32 unbecoming(){return 1+(1+(1+(1)));}
s32 tan(){return 1+(1+(1+(1)));}
s32 entertain(){return 1+(1+(1+(1)));}
s32 hideous(){return 1+(1+(1+(1)));}
s32 cows(){return 1+(1+(1+(1)));}
s32 debonair(){return 1+(1+(1+(1)));}
s32 grouchy(){return 1+(1+(1+(1)));}
s32 trains(){return 1+(1+(1+(1)));}
s32 acceptable(){return 1+(1+(1+(1)));}
s32 obtain(){return 1+(1+(1+(1)));}
s32 crazy(){return 1+(1+(1+(1)));}
s32 laughable(){return 1+(1+(1+(1)));}
s32 sneaky(){return 1+(1+(1+(1)));}
s32 test(){return 1+(1+(1+(1)));}
s32 recognise(){return 1+(1+(1+(1)));}
s32 skip(){return 1+(1+(1+(1)));}
s32 encourage(){return 1+(1+(1+(1)));}
s32 pale(){return 1+(1+(1+(1)));}
s32 consist(){return 1+(1+(1+(1)));}
s32 drunk(){return 1+(1+(1+(1)));}
s32 loutish(){return 1+(1+(1+(1)));}
s32 attach(){return 1+(1+(1+(1)));}
s32 previous(){return 1+(1+(1+(1)));}
s32 unite(){return 1+(1+(1+(1)));}
s32 breezy(){return 1+(1+(1+(1)));}
s32 next(){return 1+(1+(1+(1)));}
s32 can(){return 1+(1+(1+(1)));}
s32 spell(){return 1+(1+(1+(1)));}
s32 wren(){return 1+(1+(1+(1)));}
s32 concerned(){return 1+(1+(1+(1)));}
s32 adorable(){return 1+(1+(1+(1)));}
s32 hysterical(){return 1+(1+(1+(1)));}
s32 bawdy(){return 1+(1+(1+(1)));}
s32 table(){return 1+(1+(1+(1)));}
s32 beautiful(){return 1+(1+(1+(1)));}
s32 drink(){return 1+(1+(1+(1)));}
s32 rob(){return 1+(1+(1+(1)));}
s32 eyes(){return 1+(1+(1+(1)));}
s32 writer(){return 1+(1+(1+(1)));}
s32 eatable(){return 1+(1+(1+(1)));}
s32 stimulating(){return 1+(1+(1+(1)));}
s32 first(){return 1+(1+(1+(1)));}
s32 explain(){return 1+(1+(1+(1)));}
s32 watery(){return 1+(1+(1+(1)));}
s32 abstracted(){return 1+(1+(1+(1)));}
s32 team(){return 1+(1+(1+(1)));}
s32 stem(){return 1+(1+(1+(1)));}
s32 snatch(){return 1+(1+(1+(1)));}
s32 absurd(){return 1+(1+(1+(1)));}
s32 cabbage(){return 1+(1+(1+(1)));}
s32 pleasure(){return 1+(1+(1+(1)));}
s32 crib(){return 1+(1+(1+(1)));}
s32 reflective(){return 1+(1+(1+(1)));}
s32 wrong(){return 1+(1+(1+(1)));}
s32 crook(){return 1+(1+(1+(1)));}
s32 shoe(){return 1+(1+(1+(1)));}
s32 risk(){return 1+(1+(1+(1)));}
s32 small(){return 1+(1+(1+(1)));}
s32 interfere(){return 1+(1+(1+(1)));}
s32 carry(){return 1+(1+(1+(1)));}
s32 grin(){return 1+(1+(1+(1)));}
s32 room(){return 1+(1+(1+(1)));}
s32 travel(){return 1+(1+(1+(1)));}
s32 territory(){return 1+(1+(1+(1)));}
s32 purpose(){return 1+(1+(1+(1)));}
s32 daily(){return 1+(1+(1+(1)));}
s32 careful(){return 1+(1+(1+(1)));}
s32 ignore(){return 1+(1+(1+(1)));}
s32 gold(){return 1+(1+(1+(1)));}
s32 grumpy(){return 1+(1+(1+(1)));}
s32 lethal(){return 1+(1+(1+(1)));}
s32 inquisitive(){return 1+(1+(1+(1)));}
s32 load(){return 1+(1+(1+(1)));}
s32 cheese(){return 1+(1+(1+(1)));}
s32 opposite(){return 1+(1+(1+(1)));}
s32 symptomatic(){return 1+(1+(1+(1)));}
s32 matter(){return 1+(1+(1+(1)));}
s32 unpack(){return 1+(1+(1+(1)));}
s32 damage(){return 1+(1+(1+(1)));}
s32 carve(){return 1+(1+(1+(1)));}
s32 rabbit(){return 1+(1+(1+(1)));}
s32 purple(){return 1+(1+(1+(1)));}
s32 abrupt(){return 1+(1+(1+(1)));}
s32 overjoyed(){return 1+(1+(1+(1)));}
s32 automatic(){return 1+(1+(1+(1)));}
s32 suffer(){return 1+(1+(1+(1)));}
s32 happy(){return 1+(1+(1+(1)));}
s32 cherry(){return 1+(1+(1+(1)));}
s32 dizzy(){return 1+(1+(1+(1)));}
s32 cup(){return 1+(1+(1+(1)));}
s32 voyage(){return 1+(1+(1+(1)));}
s32 tearful(){return 1+(1+(1+(1)));}
s32 waggish(){return 1+(1+(1+(1)));}
s32 abrasive(){return 1+(1+(1+(1)));}
s32 meek(){return 1+(1+(1+(1)));}
s32 knee(){return 1+(1+(1+(1)));}
s32 domineering(){return 1+(1+(1+(1)));}
s32 program(){return 1+(1+(1+(1)));}
s32 kiss(){return 1+(1+(1+(1)));}
s32 equal(){return 1+(1+(1+(1)));}
s32 applaud(){return 1+(1+(1+(1)));}
s32 snobbish(){return 1+(1+(1+(1)));}
s32 appear(){return 1+(1+(1+(1)));}
s32 apparel(){return 1+(1+(1+(1)));}
s32 realize(){return 1+(1+(1+(1)));}
s32 fantastic(){return 1+(1+(1+(1)));}
s32 poke(){return 1+(1+(1+(1)));}
s32 root(){return 1+(1+(1+(1)));}
s32 strap(){return 1+(1+(1+(1)));}
s32 rapid(){return 1+(1+(1+(1)));}
s32 terrible(){return 1+(1+(1+(1)));}
s32 curl(){return 1+(1+(1+(1)));}
s32 hobbies(){return 1+(1+(1+(1)));}
s32 drain(){return 1+(1+(1+(1)));}
s32 stretch(){return 1+(1+(1+(1)));}
s32 bait(){return 1+(1+(1+(1)));}
s32 cooperative(){return 1+(1+(1+(1)));}
s32 illinformed(){return 1+(1+(1+(1)));}
s32 exchange(){return 1+(1+(1+(1)));}
s32 letters(){return 1+(1+(1+(1)));}
s32 education(){return 1+(1+(1+(1)));}
s32 design(){return 1+(1+(1+(1)));}
s32 fruit(){return 1+(1+(1+(1)));}
s32 form(){return 1+(1+(1+(1)));}
s32 song(){return 1+(1+(1+(1)));}
s32 messy(){return 1+(1+(1+(1)));}
s32 faded(){return 1+(1+(1+(1)));}
s32 vacuous(){return 1+(1+(1+(1)));}
s32 gifted(){return 1+(1+(1+(1)));}
s32 condemned(){return 1+(1+(1+(1)));}
s32 grubby(){return 1+(1+(1+(1)));}
s32 flag(){return 1+(1+(1+(1)));}
s32 pies(){return 1+(1+(1+(1)));}
s32 spring(){return 1+(1+(1+(1)));}
s32 outrageous(){return 1+(1+(1+(1)));}
s32 unique(){return 1+(1+(1+(1)));}
s32 mother(){return 1+(1+(1+(1)));}
s32 super(){return 1+(1+(1+(1)));}
s32 mist(){return 1+(1+(1+(1)));}
s32 chalk(){return 1+(1+(1+(1)));}
s32 loud(){return 1+(1+(1+(1)));}
s32 shut(){return 1+(1+(1+(1)));}
s32 unwieldy(){return 1+(1+(1+(1)));}
s32 stir(){return 1+(1+(1+(1)));}
s32 unruly(){return 1+(1+(1+(1)));}
s32 guarantee(){return 1+(1+(1+(1)));}
s32 spicy(){return 1+(1+(1+(1)));}
s32 office(){return 1+(1+(1+(1)));}
s32 didactic(){return 1+(1+(1+(1)));}
s32 sleet(){return 1+(1+(1+(1)));}
s32 handsome(){return 1+(1+(1+(1)));}
s32 puny(){return 1+(1+(1+(1)));}
s32 cattle(){return 1+(1+(1+(1)));}
s32 bustling(){return 1+(1+(1+(1)));}
s32 afford(){return 1+(1+(1+(1)));}
s32 receipt(){return 1+(1+(1+(1)));}
s32 melodic(){return 1+(1+(1+(1)));}
s32 chubby(){return 1+(1+(1+(1)));}
s32 peel(){return 1+(1+(1+(1)));}
s32 long(){return 1+(1+(1+(1)));}
s32 count(){return 1+(1+(1+(1)));}
s32 sick(){return 1+(1+(1+(1)));}
s32 mighty(){return 1+(1+(1+(1)));}
s32 voice(){return 1+(1+(1+(1)));}
s32 dull(){return 1+(1+(1+(1)));}
s32 kill(){return 1+(1+(1+(1)));}
s32 grandfather(){return 1+(1+(1+(1)));}
s32 common(){return 1+(1+(1+(1)));}
s32 vessel(){return 1+(1+(1+(1)));}
s32 furtive(){return 1+(1+(1+(1)));}
s32 save(){return 1+(1+(1+(1)));}
s32 cycle(){return 1+(1+(1+(1)));}
s32 sun(){return 1+(1+(1+(1)));}
s32 disappear(){return 1+(1+(1+(1)));}
s32 harmonious(){return 1+(1+(1+(1)));}
s32 dramatic(){return 1+(1+(1+(1)));}
s32 hurt(){return 1+(1+(1+(1)));}
s32 hammer(){return 1+(1+(1+(1)));}
s32 trouble(){return 1+(1+(1+(1)));}
s32 word(){return 1+(1+(1+(1)));}
s32 governor(){return 1+(1+(1+(1)));}
s32 embarrass(){return 1+(1+(1+(1)));}
s32 art(){return 1+(1+(1+(1)));}
s32 compare(){return 1+(1+(1+(1)));}
s32 annoying(){return 1+(1+(1+(1)));}
s32 adventurous(){return 1+(1+(1+(1)));}
s32 kaput(){return 1+(1+(1+(1)));}
s32 stupendous(){return 1+(1+(1+(1)));}
s32 bikes(){return 1+(1+(1+(1)));}
s32 clammy(){return 1+(1+(1+(1)));}
s32 cart(){return 1+(1+(1+(1)));}
s32 moaning(){return 1+(1+(1+(1)));}
s32 tacit(){return 1+(1+(1+(1)));}
s32 likeable(){return 1+(1+(1+(1)));}
s32 sulky(){return 1+(1+(1+(1)));}
s32 part(){return 1+(1+(1+(1)));}
s32 pretend(){return 1+(1+(1+(1)));}
s32 nerve(){return 1+(1+(1+(1)));}
s32 steel(){return 1+(1+(1+(1)));}
s32 fair(){return 1+(1+(1+(1)));}
s32 steam(){return 1+(1+(1+(1)));}
s32 melt(){return 1+(1+(1+(1)));}
s32 unkempt(){return 1+(1+(1+(1)));}
s32 glow(){return 1+(1+(1+(1)));}
s32 whip(){return 1+(1+(1+(1)));}
s32 spark(){return 1+(1+(1+(1)));}
s32 internal(){return 1+(1+(1+(1)));}
s32 apparatus(){return 1+(1+(1+(1)));}
s32 turn(){return 1+(1+(1+(1)));}
s32 bad(){return 1+(1+(1+(1)));}
s32 pine(){return 1+(1+(1+(1)));}
s32 woman(){return 1+(1+(1+(1)));}
s32 toes(){return 1+(1+(1+(1)));}
s32 curious(){return 1+(1+(1+(1)));}
s32 itchy(){return 1+(1+(1+(1)));}
s32 morning(){return 1+(1+(1+(1)));}
s32 cold(){return 1+(1+(1+(1)));}
s32 bottle(){return 1+(1+(1+(1)));}
s32 pizzas(){return 1+(1+(1+(1)));}
s32 doubtful(){return 1+(1+(1+(1)));}
s32 exotic(){return 1+(1+(1+(1)));}
s32 wasteful(){return 1+(1+(1+(1)));}
s32 town(){return 1+(1+(1+(1)));}
s32 brass(){return 1+(1+(1+(1)));}
s32 pointless(){return 1+(1+(1+(1)));}
s32 appreciate(){return 1+(1+(1+(1)));}
s32 scrub(){return 1+(1+(1+(1)));}
s32 stroke(){return 1+(1+(1+(1)));}
s32 huge(){return 1+(1+(1+(1)));}
s32 motionless(){return 1+(1+(1+(1)));}
s32 discussion(){return 1+(1+(1+(1)));}
s32 tender(){return 1+(1+(1+(1)));}
s32 adjoining(){return 1+(1+(1+(1)));}
s32 error(){return 1+(1+(1+(1)));}
s32 collar(){return 1+(1+(1+(1)));}
s32 free(){return 1+(1+(1+(1)));}
s32 repeat(){return 1+(1+(1+(1)));}
s32 paint(){return 1+(1+(1+(1)));}
s32 name(){return 1+(1+(1+(1)));}
s32 succeed(){return 1+(1+(1+(1)));}
s32 listen(){return 1+(1+(1+(1)));}
s32 trap(){return 1+(1+(1+(1)));}
s32 goofy(){return 1+(1+(1+(1)));}
s32 slim(){return 1+(1+(1+(1)));}
s32 connection(){return 1+(1+(1+(1)));}
s32 copper(){return 1+(1+(1+(1)));}
s32 jump(){return 1+(1+(1+(1)));}
s32 adhesive(){return 1+(1+(1+(1)));}
s32 fluttering(){return 1+(1+(1+(1)));}
s32 yell(){return 1+(1+(1+(1)));}
s32 foamy(){return 1+(1+(1+(1)));}
s32 spurious(){return 1+(1+(1+(1)));}
s32 dislike(){return 1+(1+(1+(1)));}
s32 company(){return 1+(1+(1+(1)));}
s32 gun(){return 1+(1+(1+(1)));}
s32 phobic(){return 1+(1+(1+(1)));}
s32 actor(){return 1+(1+(1+(1)));}
s32 wide(){return 1+(1+(1+(1)));}
s32 mess s32 up(){return 1+(1+(1+(1)));}
s32 jog(){return 1+(1+(1+(1)));}
s32 ruin(){return 1+(1+(1+(1)));}
s32 telling(){return 1+(1+(1+(1)));}
s32 sprout(){return 1+(1+(1+(1)));}
s32 available(){return 1+(1+(1+(1)));}
s32 nauseating(){return 1+(1+(1+(1)));}
s32 grape(){return 1+(1+(1+(1)));}
s32 pump(){return 1+(1+(1+(1)));}
s32 humor(){return 1+(1+(1+(1)));}
s32 grate(){return 1+(1+(1+(1)));}
s32 fool(){return 1+(1+(1+(1)));}
s32 enthusiastic(){return 1+(1+(1+(1)));}
s32 female(){return 1+(1+(1+(1)));}
s32 clumsy(){return 1+(1+(1+(1)));}
s32 bat(){return 1+(1+(1+(1)));}
s32 humorous(){return 1+(1+(1+(1)));}
s32 grey(){return 1+(1+(1+(1)));}
s32 makeshift(){return 1+(1+(1+(1)));}
s32 birthday(){return 1+(1+(1+(1)));}
s32 nutritious(){return 1+(1+(1+(1)));}
s32 whimsical(){return 1+(1+(1+(1)));}
s32 axiomatic(){return 1+(1+(1+(1)));}
s32 wiggly(){return 1+(1+(1+(1)));}
s32 texture(){return 1+(1+(1+(1)));}
s32 earsplitting(){return 1+(1+(1+(1)));}
s32 psychotic(){return 1+(1+(1+(1)));}
s32 defective(){return 1+(1+(1+(1)));}
s32 past(){return 1+(1+(1+(1)));}
s32 mysterious(){return 1+(1+(1+(1)));}
s32 capricious(){return 1+(1+(1+(1)));}
s32 frail(){return 1+(1+(1+(1)));}
s32 amusing(){return 1+(1+(1+(1)));}
s32 soggy(){return 1+(1+(1+(1)));}
s32 healthy(){return 1+(1+(1+(1)));}
s32 rate(){return 1+(1+(1+(1)));}
s32 boot(){return 1+(1+(1+(1)));}
s32 pause(){return 1+(1+(1+(1)));}
s32 argue(){return 1+(1+(1+(1)));}
s32 sour(){return 1+(1+(1+(1)));}
s32 desire(){return 1+(1+(1+(1)));}
s32 sort(){return 1+(1+(1+(1)));}
s32 bitesized(){return 1+(1+(1+(1)));}
s32 dashing(){return 1+(1+(1+(1)));}
s32 vagabond(){return 1+(1+(1+(1)));}
s32 communicate(){return 1+(1+(1+(1)));}
s32 lock(){return 1+(1+(1+(1)));}
s32 longing(){return 1+(1+(1+(1)));}
s32 night(){return 1+(1+(1+(1)));}
s32 wellgroomed(){return 1+(1+(1+(1)));}
s32 laugh(){return 1+(1+(1+(1)));}
s32 arrogant(){return 1+(1+(1+(1)));}
s32 sweater(){return 1+(1+(1+(1)));}
s32 useful(){return 1+(1+(1+(1)));}
s32 swanky(){return 1+(1+(1+(1)));}
s32 scent(){return 1+(1+(1+(1)));}
s32 middle(){return 1+(1+(1+(1)));}
s32 current(){return 1+(1+(1+(1)));}
s32 thin(){return 1+(1+(1+(1)));}
s32 jewel(){return 1+(1+(1+(1)));}
s32 miscreant(){return 1+(1+(1+(1)));}
s32 toothsome(){return 1+(1+(1+(1)));}
s32 repulsive(){return 1+(1+(1+(1)));}
s32 moor(){return 1+(1+(1+(1)));}
s32 corn(){return 1+(1+(1+(1)));}
s32 addicted(){return 1+(1+(1+(1)));}
s32 abhorrent(){return 1+(1+(1+(1)));}
s32 coach(){return 1+(1+(1+(1)));}
s32 worried(){return 1+(1+(1+(1)));}
s32 film(){return 1+(1+(1+(1)));}
s32 violet(){return 1+(1+(1+(1)));}
s32 seat(){return 1+(1+(1+(1)));}
s32 smash(){return 1+(1+(1+(1)));}
s32 library(){return 1+(1+(1+(1)));}
s32 quaint(){return 1+(1+(1+(1)));}
s32 offer(){return 1+(1+(1+(1)));}
s32 historical(){return 1+(1+(1+(1)));}
s32 languid(){return 1+(1+(1+(1)));}
s32 teeny(){return 1+(1+(1+(1)));}
s32 arrange(){return 1+(1+(1+(1)));}
s32 agreement(){return 1+(1+(1+(1)));}
s32 thinkable(){return 1+(1+(1+(1)));}
s32 weary(){return 1+(1+(1+(1)));}
s32 descriptive(){return 1+(1+(1+(1)));}
s32 chilly(){return 1+(1+(1+(1)));}
s32 force(){return 1+(1+(1+(1)));}
s32 loose(){return 1+(1+(1+(1)));}
s32 penitent(){return 1+(1+(1+(1)));}
s32 nutty(){return 1+(1+(1+(1)));}
s32 tiger(){return 1+(1+(1+(1)));}
s32 pen(){return 1+(1+(1+(1)));}
s32 wakeful(){return 1+(1+(1+(1)));}
s32 card(){return 1+(1+(1+(1)));}
s32 guarded(){return 1+(1+(1+(1)));}
s32 majestic(){return 1+(1+(1+(1)));}
s32 mouth(){return 1+(1+(1+(1)));}
s32 sand(){return 1+(1+(1+(1)));}
s32 rebel(){return 1+(1+(1+(1)));}
s32 impulse(){return 1+(1+(1+(1)));}
s32 abiding(){return 1+(1+(1+(1)));}
s32 teaching(){return 1+(1+(1+(1)));}
s32 glamorous(){return 1+(1+(1+(1)));}
s32 land(){return 1+(1+(1+(1)));}
s32 receive(){return 1+(1+(1+(1)));}
s32 grieving(){return 1+(1+(1+(1)));}
s32 money(){return 1+(1+(1+(1)));}
s32 narrow(){return 1+(1+(1+(1)));}
s32 tin(){return 1+(1+(1+(1)));}
s32 violent(){return 1+(1+(1+(1)));}
s32 tall(){return 1+(1+(1+(1)));}
s32 position(){return 1+(1+(1+(1)));}
s32 tug(){return 1+(1+(1+(1)));}
s32 superficial(){return 1+(1+(1+(1)));}
s32 odd(){return 1+(1+(1+(1)));}
s32 decorous(){return 1+(1+(1+(1)));}
s32 momentous(){return 1+(1+(1+(1)));}
s32 aspiring(){return 1+(1+(1+(1)));}
s32 conscious(){return 1+(1+(1+(1)));}
s32 careless(){return 1+(1+(1+(1)));}
s32 sheep(){return 1+(1+(1+(1)));}
s32 necessary(){return 1+(1+(1+(1)));}
s32 ossified(){return 1+(1+(1+(1)));}
s32 cow(){return 1+(1+(1+(1)));}
s32 bake(){return 1+(1+(1+(1)));}
s32 romantic(){return 1+(1+(1+(1)));}
s32 object(){return 1+(1+(1+(1)));}
s32 hospitable(){return 1+(1+(1+(1)));}
s32 self(){return 1+(1+(1+(1)));}
s32 encouraging(){return 1+(1+(1+(1)));}
s32 jar(){return 1+(1+(1+(1)));}
s32 support(){return 1+(1+(1+(1)));}
s32 sock(){return 1+(1+(1+(1)));}
s32 limping(){return 1+(1+(1+(1)));}
s32 acoustics(){return 1+(1+(1+(1)));}
s32 sedate(){return 1+(1+(1+(1)));}
s32 wistful(){return 1+(1+(1+(1)));}
s32 somber(){return 1+(1+(1+(1)));}
s32 mellow(){return 1+(1+(1+(1)));}
s32 shave(){return 1+(1+(1+(1)));}
s32 caption(){return 1+(1+(1+(1)));}
s32 obey(){return 1+(1+(1+(1)));}
s32 chunky(){return 1+(1+(1+(1)));}
s32 shirt(){return 1+(1+(1+(1)));}
s32 tricky(){return 1+(1+(1+(1)));}
s32 even(){return 1+(1+(1+(1)));}
s32 slippery(){return 1+(1+(1+(1)));}
s32 picture(){return 1+(1+(1+(1)));}
s32 noxious(){return 1+(1+(1+(1)));}
s32 jam(){return 1+(1+(1+(1)));}
s32 thundering(){return 1+(1+(1+(1)));}
s32 snail(){return 1+(1+(1+(1)));}
s32 wrist(){return 1+(1+(1+(1)));}
s32 abashed(){return 1+(1+(1+(1)));}
s32 notebook(){return 1+(1+(1+(1)));}
s32 stale(){return 1+(1+(1+(1)));}
s32 normal(){return 1+(1+(1+(1)));}
s32 consider(){return 1+(1+(1+(1)));}
s32 start(){return 1+(1+(1+(1)));}
s32 weather(){return 1+(1+(1+(1)));}
s32 bubble(){return 1+(1+(1+(1)));}
s32 bounce(){return 1+(1+(1+(1)));}
s32 medical(){return 1+(1+(1+(1)));}
s32 silly(){return 1+(1+(1+(1)));}
s32 hour(){return 1+(1+(1+(1)));}
s32 recess(){return 1+(1+(1+(1)));}
s32 abandoned(){return 1+(1+(1+(1)));}
s32 cure(){return 1+(1+(1+(1)));}
s32 satisfying(){return 1+(1+(1+(1)));}
s32 crash(){return 1+(1+(1+(1)));}
s32 expansion(){return 1+(1+(1+(1)));}
s32 donkey(){return 1+(1+(1+(1)));}
s32 dream(){return 1+(1+(1+(1)));}
s32 deceive(){return 1+(1+(1+(1)));}
s32 raspy(){return 1+(1+(1+(1)));}
s32 fast(){return 1+(1+(1+(1)));}
s32 marvelous(){return 1+(1+(1+(1)));}
s32 gate(){return 1+(1+(1+(1)));}
s32 oven(){return 1+(1+(1+(1)));}
s32 settle(){return 1+(1+(1+(1)));}
s32 slave(){return 1+(1+(1+(1)));}
s32 bird(){return 1+(1+(1+(1)));}
s32 ring(){return 1+(1+(1+(1)));}
s32 attractive(){return 1+(1+(1+(1)));}
s32 delight(){return 1+(1+(1+(1)));}
s32 venomous(){return 1+(1+(1+(1)));}
s32 hug(){return 1+(1+(1+(1)));}
s32 aftermath(){return 1+(1+(1+(1)));}
s32 suppose(){return 1+(1+(1+(1)));}
s32 brake(){return 1+(1+(1+(1)));}
s32 paste(){return 1+(1+(1+(1)));}
s32 market(){return 1+(1+(1+(1)));}
s32 legal(){return 1+(1+(1+(1)));}
s32 ban(){return 1+(1+(1+(1)));}
s32 slope(){return 1+(1+(1+(1)));}
s32 towering(){return 1+(1+(1+(1)));}
s32 distance(){return 1+(1+(1+(1)));}
s32 blow(){return 1+(1+(1+(1)));}
s32 verdant(){return 1+(1+(1+(1)));}
s32 cake(){return 1+(1+(1+(1)));}
s32 uneven(){return 1+(1+(1+(1)));}
s32 milky(){return 1+(1+(1+(1)));}
s32 books(){return 1+(1+(1+(1)));}
s32 vacation(){return 1+(1+(1+(1)));}
s32 club(){return 1+(1+(1+(1)));}
s32 smoke(){return 1+(1+(1+(1)));}
s32 cheer(){return 1+(1+(1+(1)));}
s32 country(){return 1+(1+(1+(1)));}
s32 doctor(){return 1+(1+(1+(1)));}
s32 imagine(){return 1+(1+(1+(1)));}
s32 awake(){return 1+(1+(1+(1)));}
s32 needle(){return 1+(1+(1+(1)));}
s32 watch(){return 1+(1+(1+(1)));}
s32 expect(){return 1+(1+(1+(1)));}
s32 toe(){return 1+(1+(1+(1)));}
s32 tasteful(){return 1+(1+(1+(1)));}
s32 last(){return 1+(1+(1+(1)));}
s32 wealth(){return 1+(1+(1+(1)));}
s32 quarrelsome(){return 1+(1+(1+(1)));}
s32 girls(){return 1+(1+(1+(1)));}
s32 knock(){return 1+(1+(1+(1)));}
s32 disastrous(){return 1+(1+(1+(1)));}
s32 hallowed(){return 1+(1+(1+(1)));}
s32 future(){return 1+(1+(1+(1)));}
s32 blot(){return 1+(1+(1+(1)));}
s32 familiar(){return 1+(1+(1+(1)));}
s32 rotten(){return 1+(1+(1+(1)));}
s32 rustic(){return 1+(1+(1+(1)));}
s32 obedient(){return 1+(1+(1+(1)));}
s32 observant(){return 1+(1+(1+(1)));}
s32 taste(){return 1+(1+(1+(1)));}
s32 payment(){return 1+(1+(1+(1)));}
s32 lip(){return 1+(1+(1+(1)));}
s32 ancient(){return 1+(1+(1+(1)));}
s32 alleged(){return 1+(1+(1+(1)));}
s32 fine(){return 1+(1+(1+(1)));}
s32 foot(){return 1+(1+(1+(1)));}
s32 typical(){return 1+(1+(1+(1)));}
s32 sudden(){return 1+(1+(1+(1)));}
s32 bloody(){return 1+(1+(1+(1)));}
s32 zealous(){return 1+(1+(1+(1)));}
s32 overrated(){return 1+(1+(1+(1)));}
s32 event(){return 1+(1+(1+(1)));}
s32 efficacious(){return 1+(1+(1+(1)));}
s32 dock(){return 1+(1+(1+(1)));}
s32 yam(){return 1+(1+(1+(1)));}
s32 bore(){return 1+(1+(1+(1)));}
s32 utter(){return 1+(1+(1+(1)));}
s32 instrument(){return 1+(1+(1+(1)));}
s32 beg(){return 1+(1+(1+(1)));}
s32 mountainous(){return 1+(1+(1+(1)));}
s32 frantic(){return 1+(1+(1+(1)));}
s32 son(){return 1+(1+(1+(1)));}
s32 enormous(){return 1+(1+(1+(1)));}
s32 wire(){return 1+(1+(1+(1)));}
s32 memory(){return 1+(1+(1+(1)));}
s32 crowd(){return 1+(1+(1+(1)));}
s32 wait(){return 1+(1+(1+(1)));}
s32 rinse(){return 1+(1+(1+(1)));}
s32 gratis(){return 1+(1+(1+(1)));}
s32 acrid(){return 1+(1+(1+(1)));}
s32 confess(){return 1+(1+(1+(1)));}
s32 partner(){return 1+(1+(1+(1)));}
s32 pan(){return 1+(1+(1+(1)));}
s32 women(){return 1+(1+(1+(1)));}
s32 chance(){return 1+(1+(1+(1)));}
s32 cherries(){return 1+(1+(1+(1)));}
s32 shocking(){return 1+(1+(1+(1)));}
s32 observation(){return 1+(1+(1+(1)));}
s32 confuse(){return 1+(1+(1+(1)));}
s32 habitual(){return 1+(1+(1+(1)));}
s32 prose(){return 1+(1+(1+(1)));}
s32 massive(){return 1+(1+(1+(1)));}
s32 ambitious(){return 1+(1+(1+(1)));}
s32 glorious(){return 1+(1+(1+(1)));}
s32 unused(){return 1+(1+(1+(1)));}
s32 threatening(){return 1+(1+(1+(1)));}
s32 hissing(){return 1+(1+(1+(1)));}
s32 vulgar(){return 1+(1+(1+(1)));}
s32 imported(){return 1+(1+(1+(1)));}
s32 geese(){return 1+(1+(1+(1)));}
s32 interesting(){return 1+(1+(1+(1)));}
s32 silk(){return 1+(1+(1+(1)));}
s32 star(){return 1+(1+(1+(1)));}
s32 wool(){return 1+(1+(1+(1)));}
s32 aware(){return 1+(1+(1+(1)));}
s32 keen(){return 1+(1+(1+(1)));}
s32 cover(){return 1+(1+(1+(1)));}
s32 cemetery(){return 1+(1+(1+(1)));}
s32 shelf(){return 1+(1+(1+(1)));}
s32 check(){return 1+(1+(1+(1)));}
s32 slimy(){return 1+(1+(1+(1)));}
s32 gamy(){return 1+(1+(1+(1)));}
s32 embarrassed(){return 1+(1+(1+(1)));}
s32 end(){return 1+(1+(1+(1)));}
s32 hellish(){return 1+(1+(1+(1)));}
s32 songs(){return 1+(1+(1+(1)));}
s32 tangible(){return 1+(1+(1+(1)));}
s32 overflow(){return 1+(1+(1+(1)));}
s32 weight(){return 1+(1+(1+(1)));}
s32 wound(){return 1+(1+(1+(1)));}
s32 cream(){return 1+(1+(1+(1)));}
s32 bashful(){return 1+(1+(1+(1)));}
s32 flame(){return 1+(1+(1+(1)));}
s32 wary(){return 1+(1+(1+(1)));}
s32 oil(){return 1+(1+(1+(1)));}
s32 brother(){return 1+(1+(1+(1)));}
s32 protest(){return 1+(1+(1+(1)));}
s32 selective(){return 1+(1+(1+(1)));}
s32 hulking(){return 1+(1+(1+(1)));}
s32 scorch(){return 1+(1+(1+(1)));}
s32 glue(){return 1+(1+(1+(1)));}
s32 hypnotic(){return 1+(1+(1+(1)));}
s32 woozy(){return 1+(1+(1+(1)));}
s32 mushy(){return 1+(1+(1+(1)));}
s32 white(){return 1+(1+(1+(1)));}
s32 search(){return 1+(1+(1+(1)));}
s32 uptight(){return 1+(1+(1+(1)));}
s32 lyrical(){return 1+(1+(1+(1)));}
s32 learned(){return 1+(1+(1+(1)));}
s32 fanatical(){return 1+(1+(1+(1)));}
s32 sea(){return 1+(1+(1+(1)));}
s32 dust(){return 1+(1+(1+(1)));}
s32 death(){return 1+(1+(1+(1)));}
s32 friend(){return 1+(1+(1+(1)));}
s32 shape(){return 1+(1+(1+(1)));}
s32 sail(){return 1+(1+(1+(1)));}
s32 harass(){return 1+(1+(1+(1)));}
s32 nondescript(){return 1+(1+(1+(1)));}
s32 pear(){return 1+(1+(1+(1)));}
s32 sip(){return 1+(1+(1+(1)));}
s32 shock(){return 1+(1+(1+(1)));}
s32 basin(){return 1+(1+(1+(1)));}
s32 curved(){return 1+(1+(1+(1)));}
s32 sore(){return 1+(1+(1+(1)));}
s32 rough(){return 1+(1+(1+(1)));}
s32 punish(){return 1+(1+(1+(1)));}
s32 stain(){return 1+(1+(1+(1)));}
s32 railway(){return 1+(1+(1+(1)));}
s32 rings(){return 1+(1+(1+(1)));}
s32 scintillating(){return 1+(1+(1+(1)));}
s32 elite(){return 1+(1+(1+(1)));}
s32 balance(){return 1+(1+(1+(1)));}
s32 dolls(){return 1+(1+(1+(1)));}
s32 dog(){return 1+(1+(1+(1)));}
s32 elated(){return 1+(1+(1+(1)));}
s32 insurance(){return 1+(1+(1+(1)));}
s32 used(){return 1+(1+(1+(1)));}
s32 assorted(){return 1+(1+(1+(1)));}
s32 salt(){return 1+(1+(1+(1)));}
s32 trail(){return 1+(1+(1+(1)));}
s32 nut(){return 1+(1+(1+(1)));}
s32 degree(){return 1+(1+(1+(1)));}
s32 whine(){return 1+(1+(1+(1)));}
s32 skillful(){return 1+(1+(1+(1)));}
s32 smile(){return 1+(1+(1+(1)));}
s32 face(){return 1+(1+(1+(1)));}
s32 toys(){return 1+(1+(1+(1)));}
s32 garrulous(){return 1+(1+(1+(1)));}
s32 welltodo(){return 1+(1+(1+(1)));}
s32 reminiscent(){return 1+(1+(1+(1)));}
s32 observe(){return 1+(1+(1+(1)));}
s32 abaft(){return 1+(1+(1+(1)));}
s32 toy(){return 1+(1+(1+(1)));}
s32 iron(){return 1+(1+(1+(1)));}
s32 workable(){return 1+(1+(1+(1)));}
s32 judicious(){return 1+(1+(1+(1)));}
s32 big(){return 1+(1+(1+(1)));}
s32 idiotic(){return 1+(1+(1+(1)));}



s32 main() {

}